BL51 BANKED LINKER/LOCATER V5.03                                                        03/21/2007  11:35:07  PAGE 1


BL51 BANKED LINKER/LOCATER V5.03, INVOKED BY:
C:\KEIL\C51\BIN\BL51.EXE 89lv51.obj TO 89LV51 RAMSIZE (256)


MEMORY MODEL: SMALL


INPUT MODULES INCLUDED:
  89lv51.obj (89LV51)
  C:\KEIL\C51\LIB\C51S.LIB (?C_STARTUP)
  C:\KEIL\C51\LIB\C51S.LIB (?C?CLDPTR)
  C:\KEIL\C51\LIB\C51S.LIB (?C?CSTOPTR)
  C:\KEIL\C51\LIB\C51S.LIB (?C_INIT)


LINK MAP OF MODULE:  89LV51 (89LV51)


            TYPE    BASE      LENGTH    RELOCATION   SEGMENT NAME
            -----------------------------------------------------

            * * * * * * *   D A T A   M E M O R Y   * * * * * * *
            REG     0000H     0008H     ABSOLUTE     "REG BANK 0"
            DATA    0008H     000BH     UNIT         _DATA_GROUP_
                    0013H     000DH                  *** GAP ***
            DATA    0020H     0001H     BIT_ADDR     ?BA?89LV51
            DATA    0021H     002EH     UNIT         ?DT?89LV51
            IDATA   004FH     0001H     UNIT         ?STACK

            * * * * * * *   C O D E   M E M O R Y   * * * * * * *
            CODE    0000H     0003H     ABSOLUTE     
            CODE    0003H     0003H     ABSOLUTE     
            CODE    0006H     008CH     UNIT         ?C_C51STARTUP
            CODE    0092H     0055H     UNIT         ?PR?ISR_INT0?89LV51
            CODE    00E7H     004EH     UNIT         ?PR?CHECKBUTTONS?89LV51
            CODE    0135H     004BH     UNIT         ?PR?MAIN?89LV51
            CODE    0180H     0043H     UNIT         ?PR?TX_MODE?89LV51
            CODE    01C3H     003DH     UNIT         ?PR?_SPI_WRITE_BUF?89LV51
            CODE    0200H     003CH     UNIT         ?PR?_SPI_READ_BUF?89LV51
            CODE    023CH     003BH     UNIT         ?C?LIB_CODE
            CODE    0277H     0027H     UNIT         ?PR?RX_MODE?89LV51
            CODE    029EH     0021H     UNIT         ?PR?_DELAY_MS?89LV51
            CODE    02BFH     001AH     UNIT         ?PR?_SPI_RW_REG?89LV51
            CODE    02D9H     0019H     UNIT         ?PR?_SPI_RW?89LV51
            CODE    02F2H     0012H     UNIT         ?PR?INITUART?89LV51
            CODE    0304H     000DH     UNIT         ?PR?INIT_IO?89LV51
            CODE    0311H     000DH     UNIT         ?PR?_SPI_READ?89LV51
            CODE    031EH     0008H     UNIT         ?PR?_TXDATA?89LV51
            CODE    0326H     0008H     UNIT         ?C_INITSEG
            CODE    032EH     0005H     UNIT         ?PR?INIT_INT0?89LV51



OVERLAY MAP OF MODULE:   89LV51 (89LV51)


SEGMENT                             DATA_GROUP 
  +--> CALLED SEGMENT             START    LENGTH
BL51 BANKED LINKER/LOCATER V5.03                                                      03/21/2007  11:35:07  PAGE 2


-------------------------------------------------
?PR?ISR_INT0?89LV51               -----    -----
  +--> ?PR?_SPI_READ?89LV51
  +--> ?PR?_SPI_READ_BUF?89LV51
  +--> ?PR?_SPI_RW_REG?89LV51

?PR?_SPI_READ?89LV51              -----    -----
  +--> ?PR?_SPI_RW?89LV51

?PR?_SPI_READ_BUF?89LV51          000DH    0005H
  +--> ?PR?_SPI_RW?89LV51

?PR?_SPI_RW_REG?89LV51            -----    -----
  +--> ?PR?_SPI_RW?89LV51

*** NEW ROOT ***************************************************

?C_C51STARTUP                     -----    -----
  +--> ?PR?MAIN?89LV51
  +--> ?C_INITSEG

?PR?MAIN?89LV51                   -----    -----
  +--> ?PR?INIT_IO?89LV51
  +--> ?PR?INITUART?89LV51
  +--> ?PR?RX_MODE?89LV51
  +--> ?PR?CHECKBUTTONS?89LV51
  +--> ?PR?_SPI_READ?89LV51
  +--> ?PR?_SPI_READ_BUF?89LV51
  +--> ?PR?_SPI_RW_REG?89LV51
  +--> ?PR?_DELAY_MS?89LV51
  +--> ?PR?_TXDATA?89LV51

?PR?RX_MODE?89LV51                -----    -----
  +--> ?PR?_SPI_WRITE_BUF?89LV51
  +--> ?PR?_SPI_RW_REG?89LV51

?PR?_SPI_WRITE_BUF?89LV51         000EH    0005H
  +--> ?PR?_SPI_RW?89LV51

?PR?CHECKBUTTONS?89LV51           000DH    0001H
  +--> ?PR?_DELAY_MS?89LV51
  +--> ?PR?TX_MODE?89LV51
  +--> ?PR?_TXDATA?89LV51
  +--> ?PR?_SPI_READ?89LV51
  +--> ?PR?_SPI_RW_REG?89LV51
  +--> ?PR?RX_MODE?89LV51

?PR?TX_MODE?89LV51                -----    -----
  +--> ?PR?_SPI_WRITE_BUF?89LV51
  +--> ?PR?_SPI_RW_REG?89LV51



SYMBOL TABLE OF MODULE:  89LV51 (89LV51)

  VALUE           TYPE          NAME
  ----------------------------------
BL51 BANKED LINKER/LOCATER V5.03                                                      03/21/2007  11:35:07  PAGE 3



  -------         MODULE        89LV51
  C:0000H         SYMBOL        _ICE_DUMMY_
  D:0080H         PUBLIC        P0
  D:0090H         PUBLIC        P1
  B:00A8H.7       PUBLIC        EA
  B:0090H.0       PUBLIC        CE
  D:0021H         PUBLIC        rx_buf
  D:0035H         PUBLIC        tx_buf
  C:0277H         PUBLIC        RX_Mode
  C:0180H         PUBLIC        TX_Mode
  C:032EH         PUBLIC        init_int0
  D:0049H         PUBLIC        TX_ADDRESS
  D:004EH         PUBLIC        flag
  B:0098H.1       PUBLIC        TI
  B:0020H.6       PUBLIC        RX_DR
  B:0020H.5       PUBLIC        TX_DS
  C:0135H         PUBLIC        main
  C:031EH         PUBLIC        _TxData
  C:020BH         PUBLIC        _SPI_Read_Buf
  C:0311H         PUBLIC        _SPI_Read
  D:0099H         PUBLIC        SBUF
  D:0087H         PUBLIC        PCON
  C:029EH         PUBLIC        _delay_ms
  D:0098H         PUBLIC        SCON
  D:0089H         PUBLIC        TMOD
  B:0090H.4       PUBLIC        MISO
  B:0090H.3       PUBLIC        MOSI
  C:01CEH         PUBLIC        _SPI_Write_Buf
  D:0020H         PUBLIC        sta
  C:0092H         PUBLIC        ISR_int0
  B:00A8H.0       PUBLIC        EX0
  D:008DH         PUBLIC        TH1
  D:008BH         PUBLIC        TL1
  C:00E7H         PUBLIC        CheckButtons
  C:02F2H         PUBLIC        Inituart
  C:02C8H         PUBLIC        _SPI_RW_Reg
  C:02D9H         PUBLIC        _SPI_RW
  B:0088H.6       PUBLIC        TR1
  B:0090H.2       PUBLIC        SCK
  B:0090H.1       PUBLIC        CSN
  B:0020H.4       PUBLIC        MAX_RT
  C:0304H         PUBLIC        init_io
  -------         PROC          INIT_IO
  C:0304H         LINE#         49
  C:0304H         LINE#         50
  C:0304H         LINE#         51
  C:0307H         LINE#         52
  C:0309H         LINE#         53
  C:030BH         LINE#         54
  C:030DH         LINE#         55
  C:0310H         LINE#         56
  -------         ENDPROC       INIT_IO
  -------         PROC          INITUART
  C:02F2H         LINE#         65
  C:02F2H         LINE#         66
  C:02F2H         LINE#         67
BL51 BANKED LINKER/LOCATER V5.03                                                      03/21/2007  11:35:07  PAGE 4


  C:02F5H         LINE#         68
  C:02F8H         LINE#         69
  C:02FBH         LINE#         70
  C:02FEH         LINE#         71
  C:0301H         LINE#         72
  C:0303H         LINE#         73
  -------         ENDPROC       INITUART
  -------         PROC          INIT_INT0
  C:032EH         LINE#         82
  C:032EH         LINE#         83
  C:032EH         LINE#         84
  C:0330H         LINE#         85
  C:0332H         LINE#         86
  -------         ENDPROC       INIT_INT0
  -------         PROC          _DELAY_MS
  D:0006H         SYMBOL        x
  -------         DO            
  D:0004H         SYMBOL        i
  D:0002H         SYMBOL        j
  -------         ENDDO         
  C:029EH         LINE#         107
  C:029EH         LINE#         108
  C:029EH         LINE#         110
  C:02A1H         LINE#         111
  C:02A8H         LINE#         112
  C:02A8H         LINE#         113
  C:02ACH         LINE#         115
  C:02B7H         LINE#         116
  C:02BEH         LINE#         117
  -------         ENDPROC       _DELAY_MS
  -------         PROC          _SPI_RW
  D:0007H         SYMBOL        byte
  -------         DO            
  D:0006H         SYMBOL        bit_ctr
  -------         ENDDO         
  C:02D9H         LINE#         127
  C:02D9H         LINE#         128
  C:02D9H         LINE#         130
  C:02DBH         LINE#         131
  C:02DBH         LINE#         132
  C:02DFH         LINE#         133
  C:02E3H         LINE#         134
  C:02E5H         LINE#         135
  C:02EBH         LINE#         136
  C:02EDH         LINE#         137
  C:02F1H         LINE#         138
  C:02F1H         LINE#         139
  -------         ENDPROC       _SPI_RW
  -------         PROC          L?0048
  -------         ENDPROC       L?0048
  -------         PROC          _SPI_RW_REG
  D:0007H         SYMBOL        reg
  D:0005H         SYMBOL        value
  -------         DO            
  D:0004H         SYMBOL        status
  -------         ENDDO         
  C:02C8H         LINE#         148
BL51 BANKED LINKER/LOCATER V5.03                                                      03/21/2007  11:35:07  PAGE 5


  C:02C8H         LINE#         149
  C:02C8H         LINE#         152
  C:02CAH         LINE#         153
  C:02CFH         LINE#         154
  C:02D4H         LINE#         155
  C:02D6H         LINE#         157
  C:02D8H         LINE#         158
  -------         ENDPROC       _SPI_RW_REG
  -------         PROC          _SPI_READ
  D:0007H         SYMBOL        reg
  -------         DO            
  D:0007H         SYMBOL        reg_val
  -------         ENDDO         
  C:0311H         LINE#         167
  C:0311H         LINE#         168
  C:0311H         LINE#         171
  C:0313H         LINE#         172
  C:0316H         LINE#         173
  C:031BH         LINE#         174
  C:031DH         LINE#         176
  C:031DH         LINE#         177
  -------         ENDPROC       _SPI_READ
  -------         PROC          L?0047
  -------         ENDPROC       L?0047
  -------         PROC          _SPI_READ_BUF
  D:0007H         SYMBOL        reg
  D:000EH         SYMBOL        pBuf
  D:0011H         SYMBOL        bytes
  -------         DO            
  D:0005H         SYMBOL        status
  D:0004H         SYMBOL        byte_ctr
  -------         ENDDO         
  C:020BH         LINE#         187
  C:0211H         LINE#         188
  C:0211H         LINE#         191
  C:0213H         LINE#         192
  C:0218H         LINE#         194
  C:0220H         LINE#         195
  C:0237H         LINE#         197
  C:0239H         LINE#         199
  C:023BH         LINE#         200
  -------         ENDPROC       _SPI_READ_BUF
  -------         PROC          L?0046
  -------         ENDPROC       L?0046
  -------         PROC          _SPI_WRITE_BUF
  D:0007H         SYMBOL        reg
  D:000FH         SYMBOL        pBuf
  D:0012H         SYMBOL        bytes
  -------         DO            
  D:0005H         SYMBOL        status
  D:0004H         SYMBOL        byte_ctr
  -------         ENDDO         
  C:01CEH         LINE#         210
  C:01D4H         LINE#         211
  C:01D4H         LINE#         214
  C:01D6H         LINE#         215
  C:01DBH         LINE#         216
BL51 BANKED LINKER/LOCATER V5.03                                                      03/21/2007  11:35:07  PAGE 6


  C:01E3H         LINE#         217
  C:01FBH         LINE#         218
  C:01FDH         LINE#         219
  C:01FFH         LINE#         220
  -------         ENDPROC       _SPI_WRITE_BUF
  -------         PROC          RX_MODE
  C:0277H         LINE#         233
  C:0277H         LINE#         234
  C:0277H         LINE#         235
  C:0279H         LINE#         236
  C:027CH         LINE#         238
  C:027CH         LINE#         239
  C:027FH         LINE#         240
  C:0286H         LINE#         241
  C:028DH         LINE#         242
  C:0294H         LINE#         243
  C:029BH         LINE#         245
  C:029DH         LINE#         250
  -------         ENDPROC       RX_MODE
  -------         PROC          TX_MODE
  C:0180H         LINE#         265
  C:0180H         LINE#         266
  C:0180H         LINE#         267
  C:0182H         LINE#         269
  C:0190H         LINE#         270
  C:0193H         LINE#         271
  C:01A1H         LINE#         273
  C:01A1H         LINE#         274
  C:01A4H         LINE#         275
  C:01ABH         LINE#         276
  C:01B2H         LINE#         277
  C:01B9H         LINE#         278
  C:01C0H         LINE#         279
  C:01C2H         LINE#         281
  -------         ENDPROC       TX_MODE
  -------         PROC          _TXDATA
  D:0007H         SYMBOL        x
  C:031EH         LINE#         311
  C:031EH         LINE#         312
  C:031EH         LINE#         313
  C:0320H         LINE#         314
  C:0323H         LINE#         315
  C:0325H         LINE#         316
  -------         ENDPROC       _TXDATA
  -------         PROC          CHECKBUTTONS
  -------         DO            
  D:0007H         SYMBOL        Temp
  D:000DH         SYMBOL        xx
  D:0007H         SYMBOL        Tempi
  -------         ENDDO         
  C:00E7H         LINE#         328
  C:00E7H         LINE#         329
  C:00E7H         LINE#         332
  C:00EAH         LINE#         333
  C:00EEH         LINE#         334
  C:00F2H         LINE#         335
  C:00F2H         LINE#         336
BL51 BANKED LINKER/LOCATER V5.03                                                      03/21/2007  11:35:07  PAGE 7


  C:00F9H         LINE#         337
  C:00FEH         LINE#         338
  C:0102H         LINE#         339
  C:0102H         LINE#         340
  C:0104H         LINE#         341
  C:0107H         LINE#         342
  C:0109H         LINE#         343
  C:010BH         LINE#         344
  C:010EH         LINE#         345
  C:0113H         LINE#         347
  C:011FH         LINE#         348
  C:0126H         LINE#         349
  C:0129H         LINE#         350
  C:012CH         LINE#         352
  C:0134H         LINE#         353
  C:0134H         LINE#         354
  C:0134H         LINE#         355
  -------         ENDPROC       CHECKBUTTONS
  -------         PROC          MAIN
  -------         DO            
  D:0006H         SYMBOL        xx
  -------         ENDDO         
  C:0135H         LINE#         364
  C:0135H         LINE#         365
  C:0135H         LINE#         367
  C:0138H         LINE#         368
  C:013BH         LINE#         370
  C:013EH         LINE#         371
  C:013EH         LINE#         372
  C:013EH         LINE#         373
  C:0141H         LINE#         374
  C:0148H         LINE#         375
  C:014BH         LINE#         376
  C:014BH         LINE#         377
  C:014EH         LINE#         378
  C:0151H         LINE#         379
  C:0151H         LINE#         380
  C:0154H         LINE#         381
  C:0154H         LINE#         382
  C:015BH         LINE#         383
  C:015BH         LINE#         384
  C:0162H         LINE#         385
  C:0166H         LINE#         386
  C:0166H         LINE#         387
  C:0169H         LINE#         388
  C:016CH         LINE#         389
  C:0173H         LINE#         390
  C:0176H         LINE#         391
  C:017AH         LINE#         392
  C:017EH         LINE#         393
  C:017EH         LINE#         394
  -------         ENDPROC       MAIN
  -------         PROC          ISR_INT0
  C:0092H         LINE#         405
  C:00ADH         LINE#         407
  C:00B4H         LINE#         408
  C:00B7H         LINE#         409
BL51 BANKED LINKER/LOCATER V5.03                                                      03/21/2007  11:35:07  PAGE 8


  C:00B7H         LINE#         410
  C:00BAH         LINE#         411
  C:00BDH         LINE#         412
  C:00BDH         LINE#         413
  C:00C0H         LINE#         414
  C:00C0H         LINE#         415
  C:00C7H         LINE#         416
  C:00C7H         LINE#         417
  C:00CEH         LINE#         418
  -------         ENDPROC       ISR_INT0
  -------         ENDMOD        89LV51

  -------         MODULE        ?C?CLDPTR
  C:023CH         PUBLIC        ?C?CLDPTR
  -------         ENDMOD        ?C?CLDPTR

  -------         MODULE        ?C?CSTOPTR
  C:0255H         PUBLIC        ?C?CSTOPTR
  -------         ENDMOD        ?C?CSTOPTR

*** WARNING L16: UNCALLED SEGMENT, IGNORED FOR OVERLAY PROCESS
    SEGMENT: ?PR?INIT_INT0?89LV51

*** WARNING L15: MULTIPLE CALL TO SEGMENT
    SEGMENT: ?PR?_SPI_READ_BUF?89LV51
    CALLER1: ?PR?ISR_INT0?89LV51
    CALLER2: ?C_C51STARTUP

Program Size: data=67.0 xdata=0 code=819
LINK/LOCATE RUN COMPLETE.  2 WARNING(S),  0 ERROR(S)
