                        .module fasong.c
                        .area text(rom, con, rel)
 0000                   .dbfile F:\开发板配套资料\开发板备份\AVR24L01\无线AD传感\发送\fasong.c
                        .area data(ram, con, rel)
 0000                   .dbfile F:\开发板配套资料\开发板备份\AVR24L01\无线AD传感\发送\fasong.c
 0000           _table::
 0000                   .blkb 2
                        .area idata
 0000 0001              .byte 0,1
                        .area data(ram, con, rel)
 0002                   .dbfile F:\开发板配套资料\开发板备份\AVR24L01\无线AD传感\发送\fasong.c
 0002                   .blkb 2
                        .area idata
 0002 0203              .byte 2,3
                        .area data(ram, con, rel)
 0004                   .dbfile F:\开发板配套资料\开发板备份\AVR24L01\无线AD传感\发送\fasong.c
 0004                   .blkb 2
                        .area idata
 0004 0405              .byte 4,5
                        .area data(ram, con, rel)
 0006                   .dbfile F:\开发板配套资料\开发板备份\AVR24L01\无线AD传感\发送\fasong.c
 0006                   .blkb 2
                        .area idata
 0006 0607              .byte 6,7
                        .area data(ram, con, rel)
 0008                   .dbfile F:\开发板配套资料\开发板备份\AVR24L01\无线AD传感\发送\fasong.c
 0008                   .blkb 2
                        .area idata
 0008 0809              .byte 8,9
                        .area data(ram, con, rel)
 000A                   .dbfile F:\开发板配套资料\开发板备份\AVR24L01\无线AD传感\发送\fasong.c
 000A                   .dbsym e table _table A[10:10]c
 000A           _seg::
 000A                   .blkb 2
                        .area idata
 000A C0CF              .byte 192,207
                        .area data(ram, con, rel)
 000C                   .dbfile F:\开发板配套资料\开发板备份\AVR24L01\无线AD传感\发送\fasong.c
 000C                   .blkb 2
                        .area idata
 000C A4B0              .byte 164,176
                        .area data(ram, con, rel)
 000E                   .dbfile F:\开发板配套资料\开发板备份\AVR24L01\无线AD传感\发送\fasong.c
 000E                   .blkb 2
                        .area idata
 000E 9992              .byte 153,146
                        .area data(ram, con, rel)
 0010                   .dbfile F:\开发板配套资料\开发板备份\AVR24L01\无线AD传感\发送\fasong.c
 0010                   .blkb 2
                        .area idata
 0010 82F8              .byte 130,248
                        .area data(ram, con, rel)
 0012                   .dbfile F:\开发板配套资料\开发板备份\AVR24L01\无线AD传感\发送\fasong.c
 0012                   .blkb 2
                        .area idata
 0012 8090              .byte 128,144
                        .area data(ram, con, rel)
 0014                   .dbfile F:\开发板配套资料\开发板备份\AVR24L01\无线AD传感\发送\fasong.c
 0014                   .dbsym e seg _seg A[10:10]c
 0014           _seg1::
 0014                   .blkb 2
                        .area idata
 0014 404F              .byte 64,'O
                        .area data(ram, con, rel)
 0016                   .dbfile F:\开发板配套资料\开发板备份\AVR24L01\无线AD传感\发送\fasong.c
 0016                   .blkb 2
                        .area idata
 0016 2430              .byte 36,48
                        .area data(ram, con, rel)
 0018                   .dbfile F:\开发板配套资料\开发板备份\AVR24L01\无线AD传感\发送\fasong.c
 0018                   .blkb 2
                        .area idata
 0018 1912              .byte 25,18
                        .area data(ram, con, rel)
 001A                   .dbfile F:\开发板配套资料\开发板备份\AVR24L01\无线AD传感\发送\fasong.c
 001A                   .blkb 2
                        .area idata
 001A 0278              .byte 2,'x
                        .area data(ram, con, rel)
 001C                   .dbfile F:\开发板配套资料\开发板备份\AVR24L01\无线AD传感\发送\fasong.c
 001C                   .blkb 2
                        .area idata
 001C 0010              .byte 0,16
                        .area data(ram, con, rel)
 001E                   .dbfile F:\开发板配套资料\开发板备份\AVR24L01\无线AD传感\发送\fasong.c
 001E                   .dbsym e seg1 _seg1 A[10:10]c
 001E           _TX_ADDRESS::
 001E                   .blkb 2
                        .area idata
 001E 3443              .byte 52,'C
                        .area data(ram, con, rel)
 0020                   .dbfile F:\开发板配套资料\开发板备份\AVR24L01\无线AD传感\发送\fasong.c
 0020                   .blkb 2
                        .area idata
 0020 1010              .byte 16,16
                        .area data(ram, con, rel)
 0022                   .dbfile F:\开发板配套资料\开发板备份\AVR24L01\无线AD传感\发送\fasong.c
 0022                   .blkb 1
                        .area idata
 0022 01                .byte 1
                        .area data(ram, con, rel)
 0023                   .dbfile F:\开发板配套资料\开发板备份\AVR24L01\无线AD传感\发送\fasong.c
 0023                   .dbsym e TX_ADDRESS _TX_ADDRESS A[5:5]c
 0023           _RX_ADDRESS::
 0023                   .blkb 2
                        .area idata
 0023 3443              .byte 52,'C
                        .area data(ram, con, rel)
 0025                   .dbfile F:\开发板配套资料\开发板备份\AVR24L01\无线AD传感\发送\fasong.c
 0025                   .blkb 2
                        .area idata
 0025 1010              .byte 16,16
                        .area data(ram, con, rel)
 0027                   .dbfile F:\开发板配套资料\开发板备份\AVR24L01\无线AD传感\发送\fasong.c
 0027                   .blkb 1
                        .area idata
 0027 01                .byte 1
                        .area data(ram, con, rel)
 0028                   .dbfile F:\开发板配套资料\开发板备份\AVR24L01\无线AD传感\发送\fasong.c
 0028                   .dbsym e RX_ADDRESS _RX_ADDRESS A[5:5]c
                        .area text(rom, con, rel)
 0000                   .dbfile F:\开发板配套资料\开发板备份\AVR24L01\无线AD传感\发送\fasong.c
 0000                   .dbfunc e Delay _Delay fV
 0000           ;              i -> R20,R21
 0000           ;              s -> R16,R17
                        .even
 0000           _Delay::
 0000 0E940000          xcall push_gset1
 0004                   .dbline -1
 0004                   .dbline 140
 0004           ; //ICC-AVR application builder : 2007-8-11 20:37:32
 0004           ; // Target : M16
 0004           ; // Crystal: 8.0000Mhz
 0004           ; #include <iom16v.h>
 0004           ; #include <macros.h>
 0004           ; //******************************************************************************
 0004           ; //***********************DS18B20--------PD6*************************************
 0004           ; //******************************************************************************
 0004           ; #define   In_DQ      DDRD &= ~(1 << PD6)       
 0004           ; #define   Out_DQ     DDRD |= (1 << PD6) 
 0004           ; //------------------------------------------------------------------------------
 0004           ; #define   Hign_DQ    PORTD |= (1 << PD6)   
 0004           ; #define   Low_DQ     PORTD &= ~(1 << PD6)
 0004           ; //------------------------------------------------------------------------------
 0004           ; #define   Read_DQ    PIND & (1 << PD6)
 0004           ; //------------------------------------------------------------------------------
 0004           ; //--------------------------------NRF24L01接口定义--------------------------------
 0004           ; //------------------------------------------------------------------------------
 0004           ; //#define NRF24L01_MISO          PB4          //输入0 
 0004           ; #define   Hign_24L01_MISO    PORTB |= (1 << PB4) 
 0004           ; #define   Low_24L01_MISO     PORTB &= ~(1 << PB4)
 0004           ; #define   Read_24L01_MISO    PINB & (1 << PB4) 
 0004           ; 
 0004           ; //#define NRF24L01_MOSI         PB2       //输出1
 0004           ; #define   Hign_24L01_MOSI    PORTB |= (1 << PB2)  
 0004           ; #define   Low_24L01_MOSI     PORTB &= ~(1 << PB2)
 0004           ; #define   Read_24L01_MOSI    PINB & (1 << PB2) 
 0004           ; 
 0004           ; //#define NRF24L01_CSN                PB7           //输出1
 0004           ; #define   Low_24L01_CSN     PORTB &= ~(1 << PB7)
 0004           ; #define   Hign_24L01_CSN      PORTB |= (1 << PB7)
 0004           ; 
 0004           ; //#define NRF24L01_SCK                PB6       //输出1
 0004           ; #define   Hign_24L01_SCK    PORTB |= (1 << PB6)   
 0004           ; #define   Low_24L01_SCK     PORTB &= ~(1 << PB6)              
 0004           ; #define   Read_24L01_SCK    PINB & (1 << PB6);
 0004           ; 
 0004           ; //#define NRF24L01_CE             PB5       //输出1
 0004           ; #define   Hign_24L01_CE    PORTB |= (1 << PB5)  
 0004           ; #define   Low_24L01_CE     PORTB &= ~(1 << PB5)               
 0004           ; #define   Read_24L01_CE    PINB & (1 << PB5)
 0004           ; 
 0004           ; //#define  NRF24L01_IRQ     PB3              //输入
 0004           ; #define   Hign_NRF24L01_IRQ    PORTB |= (1 << PB3)   
 0004           ; #define   Low_NRF24L01_IRQ     PORTB &= ~(1 << PB3)
 0004           ; #define   Read_NRF24L01_IRQ    PINB & (1 << PB3)
 0004           ;   
 0004           ; //------------------------------数码管位选--------------------------------------
 0004           ; //#define Display1   PA1                  //输出1
 0004           ; #define   Hign_Display1     PORTA |= (1 << PA1);   
 0004           ; #define   Low_Display1        PORTA &= ~(1 << PA1); 
 0004           ; //#define Display2      PA2           //输出1
 0004           ; #define   Hign_Display2     PORTA |= (1 << PA2);   
 0004           ; #define   Low_Display2        PORTA &= ~(1 << PA2); 
 0004           ; //#define Display3     PA3            //输出1
 0004           ; #define   Hign_Display3     PORTA |= (1 << PA3);   
 0004           ; #define   Low_Display3        PORTA &= ~(1 << PA3); 
 0004           ; //#define Display4      PA4           //输出1
 0004           ; #define   Hign_Display4     PORTA |= (1 << PA4);   
 0004           ; #define   Low_Display4        PORTA &= ~(1 << PA4);   
 0004           ; //-------------------------------BELL蜂明器-------------------------------------
 0004           ; #define   Hign_BELL           PORTD |= (1 << PD5);   
 0004           ; #define   Low_BELL                PORTD &= ~(1 << PD5); 
 0004           ; //-------------------------------JDQ继电器--------------------------------------
 0004           ; #define   Hign_JDQ            PORTD |= (1 << PD7)
 0004           ; #define   Low_JDQ             PORTD &= ~(1 << PD7) 
 0004           ; //------------------------------AD变量------------------------------------------
 0004           ; char  AD_num,AD_data[4];
 0004           ; char table[]={0,1,2,3,4,5,6,7,8,9};
 0004           ; //------------------------------------------------------------------------------
 0004           ; char seg[10]={0xC0,0xCF,0xA4,0xB0,0x99,0x92,0x82,0xF8,0x80,0x90};         //0~~9段码
 0004           ; char seg1[10]={0x40,0x4F,0x24,0x30,0x19,0x12,0x02,0x78,0x00,0x10};
 0004           ; //------------------------------------------------------------------------------
 0004           ; char sta;
 0004           ; //*********************************************NRF24L01*************************************
 0004           ; #define TX_ADR_WIDTH    5     // 5 uints TX address width
 0004           ; #define RX_ADR_WIDTH    5     // 5 uints RX address width
 0004           ; #define TX_PLOAD_WIDTH  32    // 20 uints TX payload
 0004           ; #define RX_PLOAD_WIDTH  32    // 20 uints TX payload
 0004           ; char  TX_ADDRESS[TX_ADR_WIDTH]= {0x34,0x43,0x10,0x10,0x01};   //本地地址
 0004           ; char  RX_ADDRESS[RX_ADR_WIDTH]= {0x34,0x43,0x10,0x10,0x01};   //接收地址
 0004           ; //***************************************NRF24L01寄存器指令*******************************************************
 0004           ; #define READ_REG        0x00          // 读寄存器指令
 0004           ; #define WRITE_REG       0x20  // 写寄存器指令
 0004           ; #define RD_RX_PLOAD     0x61          // 读取接收数据指令
 0004           ; #define WR_TX_PLOAD     0xA0          // 写待发数据指令
 0004           ; #define FLUSH_TX        0xE1  // 冲洗发送 FIFO指令
 0004           ; #define FLUSH_RX        0xE2          // 冲洗接收 FIFO指令
 0004           ; #define REUSE_TX_PL     0xE3          // 定义重复装载数据指令
 0004           ; #define NOP1             0xFF         // 保留
 0004           ; //*************************************SPI(nRF24L01)寄存器地址****************************************************
 0004           ; #define CONFIG          0x00  // 配置收发状态，CRC校验模式以及收发状态响应方式
 0004           ; #define EN_AA           0x01  // 自动应答功能设置
 0004           ; #define EN_RXADDR       0x02  // 可用信道设置
 0004           ; #define SETUP_AW        0x03  // 收发地址宽度设置
 0004           ; #define SETUP_RETR      0x04  // 自动重发功能设置
 0004           ; #define RF_CH           0x05  // 工作频率设置
 0004           ; #define RF_SETUP        0x06  // 发射速率、功耗功能设置
 0004           ; #define STATUS          0x07  // 状态寄存器
 0004           ; #define OBSERVE_TX      0x08  // 发送监测功能
 0004           ; #define CD              0x09  // 地址检测           
 0004           ; #define RX_ADDR_P0      0x0A  // 频道0接收数据地址
 0004           ; #define RX_ADDR_P1      0x0B  // 频道1接收数据地址
 0004           ; #define RX_ADDR_P2      0x0C  // 频道2接收数据地址
 0004           ; #define RX_ADDR_P3      0x0D  // 频道3接收数据地址
 0004           ; #define RX_ADDR_P4      0x0E  // 频道4接收数据地址
 0004           ; #define RX_ADDR_P5      0x0F  // 频道5接收数据地址
 0004           ; #define TX_ADDR         0x10  // 发送地址寄存器
 0004           ; #define RX_PW_P0        0x11  // 接收频道0接收数据长度
 0004           ; #define RX_PW_P1        0x12  // 接收频道0接收数据长度
 0004           ; #define RX_PW_P2        0x13  // 接收频道0接收数据长度
 0004           ; #define RX_PW_P3        0x14  // 接收频道0接收数据长度
 0004           ; #define RX_PW_P4        0x15  // 接收频道0接收数据长度
 0004           ; #define RX_PW_P5        0x16  // 接收频道0接收数据长度
 0004           ; #define FIFO_STATUS     0x17  // FIFO栈入栈出状态寄存器设置
 0004           ; //----------------------------------函数申明------------------------------------
 0004           ; 
 0004           ; void Init_DS18B20(void);
 0004           ; char ReadOneChar(void);
 0004           ; void WriteOneChar(char dat);
 0004           ; void ReadTemperature(void);
 0004           ; void work_temp();
 0004           ; void StartUART(void);
 0004           ; void R_S_Byte(char R_Byte);
 0004           ; void DS1820_delay(int i);
 0004           ; //------------------------------------------------------------------------------
 0004           ; void Delay(int s);
 0004           ; void inerDelay_us(char n);
 0004           ; void init_NRF24L01(void);
 0004           ; char SPI_RW(char data);
 0004           ; char SPI_Read(char reg);
 0004           ; char SPI_RW_Reg(char reg, char value);
 0004           ; char SPI_Read_Buf(char reg, char *pBuf, char uchars);
 0004           ; char SPI_Write_Buf(char reg, char *pBuf, char uchars);
 0004           ; void SetRX_Mode(void);
 0004           ; char nRF24L01_RxPacket(char* rx_buf);
 0004           ; void nRF24L01_TxPacket(char * tx_buf);
 0004           ; //-------------------------------延时-----------------------------------------
 0004           ; void Delay(int s)
 0004           ; {
 0004                   .dbline 142
 0004 4427              clr R20
 0006 5527              clr R21
 0008 02C0              xjmp L5
 000A           L2:
 000A                   .dbline 142
 000A           L3:
 000A                   .dbline 142
 000A 4F5F              subi R20,255  ; offset = 1
 000C 5F4F              sbci R21,255
 000E           L5:
 000E                   .dbline 142
 000E           ;       unsigned int i;
 000E           ;       for(i=0; i<s; i++);
 000E 4017              cp R20,R16
 0010 5107              cpc R21,R17
 0012 D8F3              brlo L2
 0014                   .dbline 143
 0014 4427              clr R20
 0016 5527              clr R21
 0018 02C0              xjmp L9
 001A           L6:
 001A                   .dbline 143
 001A           L7:
 001A                   .dbline 143
 001A 4F5F              subi R20,255  ; offset = 1
 001C 5F4F              sbci R21,255
 001E           L9:
 001E                   .dbline 143
 001E           ;       for(i=0; i<s; i++);
 001E 4017              cp R20,R16
 0020 5107              cpc R21,R17
 0022 D8F3              brlo L6
 0024                   .dbline -2
 0024           L1:
 0024 0E940000          xcall pop_gset1
 0028                   .dbline 0 ; func end
 0028 0895              ret
 002A                   .dbsym r i 20 i
 002A                   .dbsym r s 16 I
 002A                   .dbend
 002A                   .dbfunc e SPI_RW _SPI_RW fc
 002A           ;           temp -> R20
 002A           ;              i -> R22
 002A           ;           data -> R16
                        .even
 002A           _SPI_RW::
 002A 0E940000          xcall push_gset2
 002E                   .dbline -1
 002E                   .dbline 151
 002E           ; }
 002E           ; 
 002E           ; /****************************************************************************************************
 002E           ; /*函数：uint SPI_RW(uint uchar)
 002E           ; /*功能：NRF24L01的SPI写时序
 002E           ; /****************************************************************************************************/
 002E           ; char SPI_RW(char data)
 002E           ; {
 002E                   .dbline 152
 002E           ;       char i,temp=0;
 002E 4427              clr R20
 0030                   .dbline 153
 0030           ;       for(i=0;i<8;i++) // output 8-bit
 0030 6627              clr R22
 0032 0DC0              xjmp L14
 0034           L11:
 0034                   .dbline 154
 0034           ;       {
 0034                   .dbline 155
 0034           ;       if(data & 0x80)
 0034 07FF              sbrs R16,7
 0036 02C0              rjmp L15
 0038                   .dbline 156
 0038           ;       {
 0038                   .dbline 157
 0038           ;               Hign_24L01_MOSI ;         // output 'uchar', MSB to MOSI
 0038 C29A              sbi 0x18,2
 003A                   .dbline 158
 003A           ;       }
 003A 01C0              xjmp L16
 003C           L15:
 003C                   .dbline 160
 003C           ;       else
 003C           ;       {
 003C                   .dbline 161
 003C           ;               Low_24L01_MOSI; 
 003C C298              cbi 0x18,2
 003E                   .dbline 162
 003E           ;       }       
 003E           L16:
 003E                   .dbline 163
 003E           ;               data = (data << 1);           // shift next bit into MSB..
 003E 000F              lsl R16
 0040                   .dbline 164
 0040           ;               temp<<=1;
 0040 440F              lsl R20
 0042                   .dbline 165
 0042           ;               Hign_24L01_SCK ;                      // Set SCK high..
 0042 C69A              sbi 0x18,6
 0044                   .dbline 166
 0044           ;               if(Read_24L01_MISO )temp++;                       // capture current MISO bit
 0044 B49B              sbis 0x16,4
 0046 01C0              rjmp L17
 0048                   .dbline 166
 0048 4395              inc R20
 004A           L17:
 004A                   .dbline 167
 004A C698              cbi 0x18,6
 004C                   .dbline 168
 004C           L12:
 004C                   .dbline 153
 004C 6395              inc R22
 004E           L14:
 004E                   .dbline 153
 004E 6830              cpi R22,8
 0050 88F3              brlo L11
 0052                   .dbline 169
 0052           ;               Low_24L01_SCK;                            // ..then set SCK low again
 0052           ;       }
 0052           ;     return(temp);                       // return read uchar
 0052 042F              mov R16,R20
 0054                   .dbline -2
 0054           L10:
 0054 0E940000          xcall pop_gset2
 0058                   .dbline 0 ; func end
 0058 0895              ret
 005A                   .dbsym r temp 20 c
 005A                   .dbsym r i 22 c
 005A                   .dbsym r data 16 c
 005A                   .dbend
 005A                   .dbfunc e SPI_Read _SPI_Read fc
 005A           ;        reg_val -> R20
 005A           ;            reg -> R20
                        .even
 005A           _SPI_Read::
 005A 0E940000          xcall push_gset1
 005E 402F              mov R20,R16
 0060                   .dbline -1
 0060                   .dbline 176
 0060           ; }
 0060           ; /****************************************************************************************************
 0060           ; /*函数：uchar SPI_Read(uchar reg)
 0060           ; /*功能：NRF24L01的SPI时序
 0060           ; /****************************************************************************************************/
 0060           ; char SPI_Read(char reg)
 0060           ; {
 0060                   .dbline 179
 0060           ;       char reg_val;
 0060           ;       
 0060           ;       Low_24L01_CSN;                // CSN low, initialize SPI communication...
 0060 C798              cbi 0x18,7
 0062                   .dbline 180
 0062           ;       SPI_RW(reg);            // Select register to read from..
 0062 042F              mov R16,R20
 0064 E2DF              xcall _SPI_RW
 0066                   .dbline 181
 0066           ;       reg_val = SPI_RW(0);    // ..then read registervalue
 0066 0027              clr R16
 0068 E0DF              xcall _SPI_RW
 006A 402F              mov R20,R16
 006C                   .dbline 182
 006C           ;       Hign_24L01_CSN;                // CSN high, terminate SPI communication
 006C C79A              sbi 0x18,7
 006E                   .dbline 184
 006E           ;       
 006E           ;       return(reg_val);        // return register value
 006E                   .dbline -2
 006E           L19:
 006E 0E940000          xcall pop_gset1
 0072                   .dbline 0 ; func end
 0072 0895              ret
 0074                   .dbsym r reg_val 20 c
 0074                   .dbsym r reg 20 c
 0074                   .dbend
 0074                   .dbfunc e SPI_RW_Reg _SPI_RW_Reg fc
 0074           ;         status -> R20
 0074           ;          value -> R22
 0074           ;            reg -> R20
                        .even
 0074           _SPI_RW_Reg::
 0074 0E940000          xcall push_gset2
 0078 622F              mov R22,R18
 007A 402F              mov R20,R16
 007C                   .dbline -1
 007C                   .dbline 190
 007C           ; }
 007C           ; /****************************************************************************************************/
 007C           ; /*功能：NRF24L01读写寄存器函数
 007C           ; /****************************************************************************************************/
 007C           ; char SPI_RW_Reg(char reg, char value)
 007C           ; {
 007C                   .dbline 193
 007C           ;       char status;
 007C           ;       
 007C           ;       Low_24L01_CSN;                   // CSN low, init SPI transaction
 007C C798              cbi 0x18,7
 007E                   .dbline 194
 007E           ;       status = SPI_RW(reg);      // select register
 007E 042F              mov R16,R20
 0080 D4DF              xcall _SPI_RW
 0082 402F              mov R20,R16
 0084                   .dbline 195
 0084           ;       SPI_RW(value);             // ..and write value to it..
 0084 062F              mov R16,R22
 0086 D1DF              xcall _SPI_RW
 0088                   .dbline 196
 0088           ;       Hign_24L01_CSN;                   // CSN high again
 0088 C79A              sbi 0x18,7
 008A                   .dbline 198
 008A           ;       
 008A           ;       return(status);            // return nRF24L01 status uchar
 008A 042F              mov R16,R20
 008C                   .dbline -2
 008C           L20:
 008C 0E940000          xcall pop_gset2
 0090                   .dbline 0 ; func end
 0090 0895              ret
 0092                   .dbsym r status 20 c
 0092                   .dbsym r value 22 c
 0092                   .dbsym r reg 20 c
 0092                   .dbend
 0092                   .dbfunc e SPI_Read_Buf _SPI_Read_Buf fc
 0092           ;         status -> R20,R21
 0092           ;      uchar_ctr -> R22,R23
 0092           ;         uchars -> R10
 0092           ;           pBuf -> R12,R13
 0092           ;            reg -> R20
                        .even
 0092           _SPI_Read_Buf::
 0092 0E940000          xcall push_gset4
 0096 6901              movw R12,R18
 0098 402F              mov R20,R16
 009A A884              ldd R10,y+8
 009C                   .dbline -1
 009C                   .dbline 205
 009C           ; }
 009C           ; /****************************************************************************************************/
 009C           ; /*函数：uint SPI_Read_Buf(uchar reg, uchar *pBuf, uchar uchars)
 009C           ; /*功能: 用于读数据，reg：为寄存器地址，pBuf：为待读出数据地址，uchars：读出数据的个数
 009C           ; /****************************************************************************************************/
 009C           ; char SPI_Read_Buf(char reg, char *pBuf, char uchars)
 009C           ; {
 009C                   .dbline 208
 009C           ;       int status,uchar_ctr;
 009C           ;       
 009C           ;       Low_24L01_CSN;                                  // Set CSN low, init SPI tranaction
 009C C798              cbi 0x18,7
 009E                   .dbline 209
 009E           ;       status = SPI_RW(reg);                   // Select register to write to and read status uchar
 009E 042F              mov R16,R20
 00A0 C4DF              xcall _SPI_RW
 00A2 402F              mov R20,R16
 00A4 5527              clr R21
 00A6                   .dbline 211
 00A6           ;       
 00A6           ;       for(uchar_ctr=0;uchar_ctr<uchars;uchar_ctr++)
 00A6 6627              clr R22
 00A8 7727              clr R23
 00AA 08C0              xjmp L25
 00AC           L22:
 00AC                   .dbline 212
 00AC 0027              clr R16
 00AE BDDF              xcall _SPI_RW
 00B0 FB01              movw R30,R22
 00B2 EC0D              add R30,R12
 00B4 FD1D              adc R31,R13
 00B6 0083              std z+0,R16
 00B8           L23:
 00B8                   .dbline 211
 00B8 6F5F              subi R22,255  ; offset = 1
 00BA 7F4F              sbci R23,255
 00BC           L25:
 00BC                   .dbline 211
 00BC 2A2C              mov R2,R10
 00BE 3324              clr R3
 00C0 6215              cp R22,R2
 00C2 7305              cpc R23,R3
 00C4 9CF3              brlt L22
 00C6                   .dbline 214
 00C6           ;               pBuf[uchar_ctr] = SPI_RW(0);    // 
 00C6           ;       
 00C6           ;       Hign_24L01_CSN;                           
 00C6 C79A              sbi 0x18,7
 00C8                   .dbline 216
 00C8           ;       
 00C8           ;       return(status);                    // return nRF24L01 status uchar
 00C8 042F              mov R16,R20
 00CA                   .dbline -2
 00CA           L21:
 00CA 0E940000          xcall pop_gset4
 00CE                   .dbline 0 ; func end
 00CE 0895              ret
 00D0                   .dbsym r status 20 I
 00D0                   .dbsym r uchar_ctr 22 I
 00D0                   .dbsym r uchars 10 c
 00D0                   .dbsym r pBuf 12 pc
 00D0                   .dbsym r reg 20 c
 00D0                   .dbend
 00D0                   .dbfunc e SPI_Write_Buf _SPI_Write_Buf fc
 00D0           ;         status -> R20
 00D0           ;      uchar_ctr -> R22
 00D0           ;         uchars -> R10
 00D0           ;           pBuf -> R12,R13
 00D0           ;            reg -> R20
                        .even
 00D0           _SPI_Write_Buf::
 00D0 0E940000          xcall push_gset4
 00D4 6901              movw R12,R18
 00D6 402F              mov R20,R16
 00D8 A884              ldd R10,y+8
 00DA                   .dbline -1
 00DA                   .dbline 223
 00DA           ; }
 00DA           ; /*********************************************************************************************************
 00DA           ; /*函数：uint SPI_Write_Buf(uchar reg, uchar *pBuf, uchar uchars)
 00DA           ; /*功能: 用于写数据：为寄存器地址，pBuf：为待写入数据地址，uchars：写入数据的个数
 00DA           ; /*********************************************************************************************************/
 00DA           ; char SPI_Write_Buf(char reg, char *pBuf, char uchars)
 00DA           ; {
 00DA                   .dbline 226
 00DA           ;       char status,uchar_ctr;
 00DA           ;       
 00DA           ;       Low_24L01_CSN;             //SPI使能       
 00DA C798              cbi 0x18,7
 00DC                   .dbline 227
 00DC           ;       status = SPI_RW(reg);   
 00DC 042F              mov R16,R20
 00DE A5DF              xcall _SPI_RW
 00E0 402F              mov R20,R16
 00E2                   .dbline 228
 00E2           ;       for(uchar_ctr=0; uchar_ctr<uchars; uchar_ctr++) //
 00E2 6627              clr R22
 00E4 05C0              xjmp L30
 00E6           L27:
 00E6                   .dbline 229
 00E6 F601              movw R30,R12
 00E8 0191              ld R16,Z+
 00EA 6F01              movw R12,R30
 00EC 9EDF              xcall _SPI_RW
 00EE           L28:
 00EE                   .dbline 228
 00EE 6395              inc R22
 00F0           L30:
 00F0                   .dbline 228
 00F0 6A15              cp R22,R10
 00F2 C8F3              brlo L27
 00F4                   .dbline 230
 00F4           ;       SPI_RW(*pBuf++);
 00F4           ;       Hign_24L01_CSN;           //关闭SPI
 00F4 C79A              sbi 0x18,7
 00F6                   .dbline 231
 00F6           ;       return(status);                   // 
 00F6 042F              mov R16,R20
 00F8                   .dbline -2
 00F8           L26:
 00F8 0E940000          xcall pop_gset4
 00FC                   .dbline 0 ; func end
 00FC 0895              ret
 00FE                   .dbsym r status 20 c
 00FE                   .dbsym r uchar_ctr 22 c
 00FE                   .dbsym r uchars 10 c
 00FE                   .dbsym r pBuf 12 pc
 00FE                   .dbsym r reg 20 c
 00FE                   .dbend
 00FE                   .dbfunc e SetRX_Mode _SetRX_Mode fV
                        .even
 00FE           _SetRX_Mode::
 00FE                   .dbline -1
 00FE                   .dbline 238
 00FE           ; }
 00FE           ; /****************************************************************************************************/
 00FE           ; /*函数：void SetRX_Mode(void)
 00FE           ; /*功能：数据接收配置 
 00FE           ; /****************************************************************************************************/
 00FE           ; void SetRX_Mode(void)
 00FE           ; {
 00FE                   .dbline 239
 00FE           ;       Low_24L01_CE;
 00FE C598              cbi 0x18,5
 0100                   .dbline 240
 0100           ;       SPI_RW_Reg(WRITE_REG + CONFIG, 0x0f);                   // IRQ收发完成中断响应，16位CRC ，主接收
 0100 2FE0              ldi R18,15
 0102 00E2              ldi R16,32
 0104 B7DF              xcall _SPI_RW_Reg
 0106                   .dbline 241
 0106           ;       Hign_24L01_CE; 
 0106 C59A              sbi 0x18,5
 0108                   .dbline 242
 0108           ;       Delay(1000);
 0108 08EE              ldi R16,1000
 010A 13E0              ldi R17,3
 010C 79DF              xcall _Delay
 010E                   .dbline -2
 010E           L31:
 010E                   .dbline 0 ; func end
 010E 0895              ret
 0110                   .dbend
 0110                   .dbfunc e nRF24L01_RxPacket _nRF24L01_RxPacket fc
 0110           ;         revale -> R20
 0110           ;         rx_buf -> R22,R23
                        .even
 0110           _nRF24L01_RxPacket::
 0110 0E940000          xcall push_gset2
 0114 B801              movw R22,R16
 0116 2197              sbiw R28,1
 0118                   .dbline -1
 0118                   .dbline 249
 0118           ; }
 0118           ; /******************************************************************************************************/
 0118           ; /*函数：unsigned char nRF24L01_RxPacket(unsigned char* rx_buf)
 0118           ; /*功能：数据读取后放如rx_buf接收缓冲区中
 0118           ; /******************************************************************************************************/
 0118           ; char nRF24L01_RxPacket(char* rx_buf)
 0118           ; {
 0118                   .dbline 250
 0118           ;     char revale=0;
 0118 4427              clr R20
 011A                   .dbline 251
 011A           ;       sta=SPI_Read(STATUS);   // 读取状态寄存其来判断数据接收状况
 011A 07E0              ldi R16,7
 011C 9EDF              xcall _SPI_Read
 011E 00930000          sts _sta,R16
 0122                   .dbline 252
 0122           ;       if(sta&0x40)                            // 判断是否接收到数据
 0122 06FF              sbrs R16,6
 0124 07C0              rjmp L33
 0126                   .dbline 253
 0126           ;       {
 0126                   .dbline 254
 0126           ;           Low_24L01_CE;                       //SPI使能
 0126 C598              cbi 0x18,5
 0128                   .dbline 255
 0128           ;               SPI_Read_Buf(RD_RX_PLOAD,rx_buf,TX_PLOAD_WIDTH);// read receive payload from RX_FIFO buffer
 0128 80E2              ldi R24,32
 012A 8883              std y+0,R24
 012C 9B01              movw R18,R22
 012E 01E6              ldi R16,97
 0130 B0DF              xcall _SPI_Read_Buf
 0132                   .dbline 256
 0132           ;               revale =1;                      //读取数据完成标志
 0132 41E0              ldi R20,1
 0134                   .dbline 257
 0134           ;       }
 0134           L33:
 0134                   .dbline 258
 0134           ;       SPI_RW_Reg(WRITE_REG+STATUS,sta);   //接收到数据后RX_DR,TX_DS,MAX_PT都置高为1，通过写1来清楚中断标志
 0134 20910000          lds R18,_sta
 0138 07E2              ldi R16,39
 013A 9CDF              xcall _SPI_RW_Reg
 013C                   .dbline 259
 013C           ;       return revale;
 013C 042F              mov R16,R20
 013E                   .dbline -2
 013E           L32:
 013E 2196              adiw R28,1
 0140 0E940000          xcall pop_gset2
 0144                   .dbline 0 ; func end
 0144 0895              ret
 0146                   .dbsym r revale 20 c
 0146                   .dbsym r rx_buf 22 pc
 0146                   .dbend
 0146                   .dbfunc e nRF24L01_TxPacket _nRF24L01_TxPacket fV
 0146           ;         tx_buf -> R20,R21
                        .even
 0146           _nRF24L01_TxPacket::
 0146 0E940000          xcall push_gset1
 014A A801              movw R20,R16
 014C 2197              sbiw R28,1
 014E                   .dbline -1
 014E                   .dbline 266
 014E           ; }
 014E           ; /***********************************************************************************************************
 014E           ; /*函数：void nRF24L01_TxPacket(char * tx_buf)
 014E           ; /*功能：发送 tx_buf中数据
 014E           ; /**********************************************************************************************************/
 014E           ; void nRF24L01_TxPacket(char * tx_buf)
 014E           ; {
 014E                   .dbline 267
 014E           ;       Low_24L01_CE;                   //StandBy I模式 
 014E C598              cbi 0x18,5
 0150                   .dbline 268
 0150           ;       SPI_Write_Buf(WRITE_REG + RX_ADDR_P0, TX_ADDRESS, TX_ADR_WIDTH); // 装载接收端地址
 0150 85E0              ldi R24,5
 0152 8883              std y+0,R24
 0154 20E0              ldi R18,<_TX_ADDRESS
 0156 30E0              ldi R19,>_TX_ADDRESS
 0158 0AE2              ldi R16,42
 015A BADF              xcall _SPI_Write_Buf
 015C                   .dbline 269
 015C           ;       SPI_Write_Buf(WR_TX_PLOAD, tx_buf, TX_PLOAD_WIDTH);                      // 装载数据    
 015C 80E2              ldi R24,32
 015E 8883              std y+0,R24
 0160 9A01              movw R18,R20
 0162 00EA              ldi R16,160
 0164 B5DF              xcall _SPI_Write_Buf
 0166                   .dbline 271
 0166           ; //    SPI_RW_Reg(WRITE_REG + CONFIG, 0x0e);                    // IRQ收发完成中断响应，16位CRC，主发送
 0166           ;       Hign_24L01_CE;           //置高CE，激发数据发送
 0166 C59A              sbi 0x18,5
 0168                   .dbline 272
 0168           ;       Delay(1000);
 0168 08EE              ldi R16,1000
 016A 13E0              ldi R17,3
 016C 49DF              xcall _Delay
 016E                   .dbline -2
 016E           L35:
 016E 2196              adiw R28,1
 0170 0E940000          xcall pop_gset1
 0174                   .dbline 0 ; func end
 0174 0895              ret
 0176                   .dbsym r tx_buf 20 pc
 0176                   .dbend
 0176                   .dbfunc e init_NRF24L01 _init_NRF24L01 fV
                        .even
 0176           _init_NRF24L01::
 0176 2197              sbiw R28,1
 0178                   .dbline -1
 0178                   .dbline 278
 0178           ; }
 0178           ; //****************************************************************************************
 0178           ; /*NRF24L01初始化
 0178           ; //***************************************************************************************/
 0178           ; void init_NRF24L01(void)
 0178           ; {
 0178                   .dbline 280
 0178           ; 
 0178           ;       Low_24L01_CE;    // chip enable
 0178 C598              cbi 0x18,5
 017A                   .dbline 281
 017A           ;       Hign_24L01_CSN;   // Spi disable 
 017A C79A              sbi 0x18,7
 017C                   .dbline 282
 017C           ;       Low_24L01_SCK;   // Spi clock line init high
 017C C698              cbi 0x18,6
 017E                   .dbline 283
 017E           ;       SPI_Write_Buf(WRITE_REG + TX_ADDR, TX_ADDRESS, TX_ADR_WIDTH);    // 写本地地址  
 017E 85E0              ldi R24,5
 0180 8883              std y+0,R24
 0182 20E0              ldi R18,<_TX_ADDRESS
 0184 30E0              ldi R19,>_TX_ADDRESS
 0186 00E3              ldi R16,48
 0188 A3DF              xcall _SPI_Write_Buf
 018A                   .dbline 284
 018A           ;       SPI_Write_Buf(WRITE_REG + RX_ADDR_P0, RX_ADDRESS, RX_ADR_WIDTH); // 写接收端地址
 018A 85E0              ldi R24,5
 018C 8883              std y+0,R24
 018E 20E0              ldi R18,<_RX_ADDRESS
 0190 30E0              ldi R19,>_RX_ADDRESS
 0192 0AE2              ldi R16,42
 0194 9DDF              xcall _SPI_Write_Buf
 0196                   .dbline 285
 0196           ;       SPI_RW_Reg(WRITE_REG + EN_AA, 0x01);      //  频道0自动 ACK应答允许     
 0196 21E0              ldi R18,1
 0198 01E2              ldi R16,33
 019A 6CDF              xcall _SPI_RW_Reg
 019C                   .dbline 286
 019C           ;       SPI_RW_Reg(WRITE_REG + EN_RXADDR, 0x01);  //  允许接收地址只有频道0，如果需要多频道可以参考Page21  
 019C 21E0              ldi R18,1
 019E 02E2              ldi R16,34
 01A0 69DF              xcall _SPI_RW_Reg
 01A2                   .dbline 287
 01A2           ;       SPI_RW_Reg(WRITE_REG + RF_CH, 0);        //   设置信道工作为2.4GHZ，收发必须一致
 01A2 2227              clr R18
 01A4 05E2              ldi R16,37
 01A6 66DF              xcall _SPI_RW_Reg
 01A8                   .dbline 288
 01A8           ;       SPI_RW_Reg(WRITE_REG + RX_PW_P0, RX_PLOAD_WIDTH); //设置接收数据长度，本次设置为32字节
 01A8 20E2              ldi R18,32
 01AA 01E3              ldi R16,49
 01AC 63DF              xcall _SPI_RW_Reg
 01AE                   .dbline 289
 01AE           ;       SPI_RW_Reg(WRITE_REG + RF_SETUP, 0x07);                 //设置发射速率为1MHZ，发射功率为最大值0dB       
 01AE 27E0              ldi R18,7
 01B0 06E2              ldi R16,38
 01B2 60DF              xcall _SPI_RW_Reg
 01B4                   .dbline 290
 01B4           ;       SPI_RW_Reg(WRITE_REG + CONFIG, 0x0e);                    // IRQ收发完成中断响应，16位CRC，主发送
 01B4 2EE0              ldi R18,14
 01B6 00E2              ldi R16,32
 01B8 5DDF              xcall _SPI_RW_Reg
 01BA                   .dbline 291
 01BA           ;       Delay(6000);
 01BA 00E7              ldi R16,6000
 01BC 17E1              ldi R17,23
 01BE 20DF              xcall _Delay
 01C0                   .dbline -2
 01C0           L36:
 01C0 2196              adiw R28,1
 01C2                   .dbline 0 ; func end
 01C2 0895              ret
 01C4                   .dbend
 01C4                   .dbfunc e GetADResult _GetADResult fc
 01C4           ;              i -> R16
                        .even
 01C4           _GetADResult::
 01C4                   .dbline -1
 01C4                   .dbline 298
 01C4           ; }
 01C4           ; //******************************************************************************
 01C4           ; //**********************************AD数据采集*****************************
 01C4           ; //******************************************************************************
 01C4           ; //-----------------------------AD转换函数----------------------------------------
 01C4           ; unsigned char GetADResult(void)
 01C4           ; {
 01C4                   .dbline 305
 01C4           ;       unsigned char i;
 01C4           ; /**********************ADC 多工选择寄存器－ ADMUX配置方法********************/
 01C4           ; /*      Bit   7     6     5     4    3    2    1    0     (Page203)        */
 01C4           ; /*          REFS1 REFS0 ADLAR MUX4 MUX3 MUX2 MUX1 MUX0                    */
 01C4           ; /*            1     1     1     0    0    1    1    1                    */
 01C4           ; /************************************************************************/
 01C4           ;       ADMUX |= (1 << REFS1);  //2.56V 的片内基准电压源， AREF 引脚外加滤波电容
 01C4 3F9A              sbi 0x7,7
 01C6                   .dbline 306
 01C6           ;       ADMUX |= (1 << REFS0);  //2.56V 的片内基准电压源， AREF 引脚外加滤波电容
 01C6 3E9A              sbi 0x7,6
 01C8                   .dbline 307
 01C8           ;       ADMUX |= (1 << ADLAR);  //ADC 转换结果 左对齐
 01C8 3D9A              sbi 0x7,5
 01CA                   .dbline 308
 01CA           ;       ADMUX &= ~(1 << MUX4);  //ADC0单端输入
 01CA 3C98              cbi 0x7,4
 01CC                   .dbline 309
 01CC           ;       ADMUX &= ~(1 << MUX3);  //ADC0单端输入
 01CC 3B98              cbi 0x7,3
 01CE                   .dbline 310
 01CE           ;       ADMUX &= ~(1 << MUX2);  //ADC0单端输入
 01CE 3A98              cbi 0x7,2
 01D0                   .dbline 311
 01D0           ;       ADMUX &= ~(1 << MUX1);  //ADC0单端输入
 01D0 3998              cbi 0x7,1
 01D2                   .dbline 312
 01D2           ;       ADMUX &= ~(1 << MUX0);  //ADC0单端输入
 01D2 3898              cbi 0x7,0
 01D4                   .dbline 319
 01D4           ; 
 01D4           ; /********************ADC 控制和状态寄存器A -ADCSRA配置方法*************************/
 01D4           ; /*      Bit   7     6     5     4    3    2    1    0     (Page205)               */
 01D4           ; /*          ADEN ADSC ADATE ADIF ADIE ADPS2 ADPS1 ADPS0                           */
 01D4           ; /*            1     1     0     0    0    0    1    1                             */
 01D4           ; /**********************************************************************************/
 01D4           ;       ADCSRA |= (1 << ADEN);  //ADC 使能
 01D4 379A              sbi 0x6,7
 01D6                   .dbline 320
 01D6           ;       ADCSRA |= (1 << ADSC);  //ADC 开始转换
 01D6 369A              sbi 0x6,6
 01D8                   .dbline 321
 01D8           ;       ADCSRA &= ~(1 << ADATE);//无ADC 自动触发使能
 01D8 3598              cbi 0x6,5
 01DA                   .dbline 322
 01DA           ;       ADCSRA &= ~(1 << ADIF); //ADC 中断标志
 01DA 3498              cbi 0x6,4
 01DC                   .dbline 323
 01DC           ;       ADCSRA &= ~(1 << ADIE); //不使用中断
 01DC 3398              cbi 0x6,3
 01DE                   .dbline 324
 01DE           ;       ADCSRA |= (1 << ADPS2);//128分频时钟
 01DE 329A              sbi 0x6,2
 01E0                   .dbline 325
 01E0           ;       ADCSRA |= (1 << ADPS1); //128分频时钟
 01E0 319A              sbi 0x6,1
 01E2                   .dbline 326
 01E2           ;       ADCSRA |= (1 << ADPS0);//128分频时钟
 01E2 309A              sbi 0x6,0
 01E4           L38:
 01E4                   .dbline 329
 01E4           L39:
 01E4                   .dbline 329
 01E4           ;       
 01E4           ; //------------------------------------------------------------------------------
 01E4           ;       while(!(ADCSRA & (1 << ADIF))); //等待转换完成后ADIF自动置位
 01E4 349B              sbis 0x6,4
 01E6 FECF              rjmp L38
 01E8                   .dbline 330
 01E8           ;       i = ADCH;
 01E8 05B1              in R16,0x5
 01EA                   .dbline 331
 01EA           ;       ADCSRA &= ~(1 << ADIF);         /*清标志*/
 01EA 3498              cbi 0x6,4
 01EC                   .dbline 332
 01EC           ;       ADCSRA &= ~(1 << ADEN);         /*关闭转换*/
 01EC 3798              cbi 0x6,7
 01EE                   .dbline 334
 01EE           ; 
 01EE           ;       return i;
 01EE                   .dbline -2
 01EE           L37:
 01EE                   .dbline 0 ; func end
 01EE 0895              ret
 01F0                   .dbsym r i 16 c
 01F0                   .dbend
 01F0                   .dbfunc e GetBaiwei _GetBaiwei fc
 01F0           ;           temp -> R20
                        .even
 01F0           _GetBaiwei::
 01F0 0E940000          xcall push_gset1
 01F4 402F              mov R20,R16
 01F6                   .dbline -1
 01F6                   .dbline 338
 01F6           ; }
 01F6           ; //--------------------------------//AD数据采集百位------------------------------
 01F6           ; unsigned char GetBaiwei(unsigned char temp)   
 01F6           ; {
 01F6                   .dbline 339
 01F6           ;       temp = temp/100;
 01F6 14E6              ldi R17,100
 01F8 042F              mov R16,R20
 01FA 0E940000          xcall div8u
 01FE 402F              mov R20,R16
 0200                   .dbline 340
 0200           ;       return temp;
 0200                   .dbline -2
 0200           L41:
 0200 0E940000          xcall pop_gset1
 0204                   .dbline 0 ; func end
 0204 0895              ret
 0206                   .dbsym r temp 20 c
 0206                   .dbend
 0206                   .dbfunc e GetShiwei _GetShiwei fc
 0206           ;           temp -> R20
                        .even
 0206           _GetShiwei::
 0206 0E940000          xcall push_gset1
 020A 402F              mov R20,R16
 020C                   .dbline -1
 020C                   .dbline 344
 020C           ; }
 020C           ; //-----------------------------//AD数据采集十位---------------------------------
 020C           ; unsigned char GetShiwei(unsigned char temp)  
 020C           ; {
 020C                   .dbline 345
 020C           ;       if(temp > 99)
 020C 83E6              ldi R24,99
 020E 8417              cp R24,R20
 0210 28F4              brsh L43
 0212                   .dbline 346
 0212           ;       {
 0212                   .dbline 347
 0212           ;               temp = temp - GetBaiwei(temp)*100;
 0212 042F              mov R16,R20
 0214 EDDF              xcall _GetBaiwei
 0216 84E6              ldi R24,100
 0218 809F              mul R24,R16
 021A 4019              sub R20,R0
 021C                   .dbline 348
 021C           ;       }
 021C           L43:
 021C                   .dbline 349
 021C           ;       temp = temp/10;
 021C 1AE0              ldi R17,10
 021E 042F              mov R16,R20
 0220 0E940000          xcall div8u
 0224 402F              mov R20,R16
 0226                   .dbline 350
 0226           ;       return temp;
 0226                   .dbline -2
 0226           L42:
 0226 0E940000          xcall pop_gset1
 022A                   .dbline 0 ; func end
 022A 0895              ret
 022C                   .dbsym r temp 20 c
 022C                   .dbend
 022C                   .dbfunc e GetGewei _GetGewei fc
 022C           ;           temp -> R20
                        .even
 022C           _GetGewei::
 022C 0E940000          xcall push_gset1
 0230 402F              mov R20,R16
 0232                   .dbline -1
 0232                   .dbline 354
 0232           ; }
 0232           ; //---------------------------- //AD数据采集个位---------------------------------
 0232           ; unsigned char GetGewei(unsigned char temp)   
 0232           ; {
 0232                   .dbline 355
 0232           ;       temp = temp%10;
 0232 1AE0              ldi R17,10
 0234 042F              mov R16,R20
 0236 0E940000          xcall mod8u
 023A 402F              mov R20,R16
 023C                   .dbline 356
 023C           ;       return temp;
 023C                   .dbline -2
 023C           L45:
 023C 0E940000          xcall pop_gset1
 0240                   .dbline 0 ; func end
 0240 0895              ret
 0242                   .dbsym r temp 20 c
 0242                   .dbend
 0242                   .dbfunc e dis_zhuye _dis_zhuye fV
                        .even
 0242           _dis_zhuye::
 0242                   .dbline -1
 0242                   .dbline 360
 0242           ; }
 0242           ; //------------------------------------------------------------------------------
 0242           ; void dis_zhuye()
 0242           ; {
 0242                   .dbline 361
 0242           ;        PORTC=seg1[AD_data[1]];
 0242 80E0              ldi R24,<_seg1
 0244 90E0              ldi R25,>_seg1
 0246 E0910200          lds R30,_AD_data+1
 024A FF27              clr R31
 024C E80F              add R30,R24
 024E F91F              adc R31,R25
 0250 2080              ldd R2,z+0
 0252 25BA              out 0x15,R2
 0254                   .dbline 362
 0254           ;        Hign_Display4;
 0254 DC9A              sbi 0x1b,4
 0256                   .dbline 362
 0256                   .dbline 363
 0256           ;        Hign_Display3;
 0256 DB9A              sbi 0x1b,3
 0258                   .dbline 363
 0258                   .dbline 364
 0258           ;        Hign_Display2;
 0258 DA9A              sbi 0x1b,2
 025A                   .dbline 364
 025A                   .dbline 365
 025A           ;        Low_Display1;
 025A D998              cbi 0x1b,1
 025C                   .dbline 365
 025C                   .dbline 366
 025C           ;        Delay(80);
 025C 00E5              ldi R16,80
 025E 10E0              ldi R17,0
 0260 CFDE              xcall _Delay
 0262                   .dbline 367
 0262           ;        Hign_Display1;
 0262 D99A              sbi 0x1b,1
 0264                   .dbline 367
 0264                   .dbline 369
 0264           ; //------------------------------------------------------------------------------
 0264           ;        PORTC=seg[AD_data[2]];
 0264 80E0              ldi R24,<_seg
 0266 90E0              ldi R25,>_seg
 0268 E0910300          lds R30,_AD_data+2
 026C FF27              clr R31
 026E E80F              add R30,R24
 0270 F91F              adc R31,R25
 0272 2080              ldd R2,z+0
 0274 25BA              out 0x15,R2
 0276                   .dbline 370
 0276           ;        Low_Display2;
 0276 DA98              cbi 0x1b,2
 0278                   .dbline 370
 0278                   .dbline 371
 0278           ;        Delay(80);
 0278 00E5              ldi R16,80
 027A 10E0              ldi R17,0
 027C C1DE              xcall _Delay
 027E                   .dbline 372
 027E           ;        Hign_Display2;
 027E DA9A              sbi 0x1b,2
 0280                   .dbline 372
 0280                   .dbline 374
 0280           ; //------------------------------------------------ ---------------------------
 0280           ;        PORTC=seg[AD_data[3]];
 0280 80E0              ldi R24,<_seg
 0282 90E0              ldi R25,>_seg
 0284 E0910400          lds R30,_AD_data+3
 0288 FF27              clr R31
 028A E80F              add R30,R24
 028C F91F              adc R31,R25
 028E 2080              ldd R2,z+0
 0290 25BA              out 0x15,R2
 0292                   .dbline 375
 0292           ;        Low_Display3;
 0292 DB98              cbi 0x1b,3
 0294                   .dbline 375
 0294                   .dbline 376
 0294           ;        Delay(80);
 0294 00E5              ldi R16,80
 0296 10E0              ldi R17,0
 0298 B3DE              xcall _Delay
 029A                   .dbline 377
 029A           ;        Hign_Display3;
 029A DB9A              sbi 0x1b,3
 029C                   .dbline 377
 029C                   .dbline 379
 029C           ; //----------------------------------------------------------------------------- 
 029C           ;        PORTC=0xc1;
 029C 81EC              ldi R24,193
 029E 85BB              out 0x15,R24
 02A0                   .dbline 380
 02A0           ;        Low_Display4;
 02A0 DC98              cbi 0x1b,4
 02A2                   .dbline 380
 02A2                   .dbline 381
 02A2           ;        Delay(80);
 02A2 00E5              ldi R16,80
 02A4 10E0              ldi R17,0
 02A6 ACDE              xcall _Delay
 02A8                   .dbline 382
 02A8           ;        Hign_Display4;  
 02A8 DC9A              sbi 0x1b,4
 02AA                   .dbline 382
 02AA                   .dbline -2
 02AA           L46:
 02AA                   .dbline 0 ; func end
 02AA 0895              ret
 02AC                   .dbend
 02AC                   .dbfunc e main _main fI
                        .even
 02AC           _main::
 02AC                   .dbline -1
 02AC                   .dbline 386
 02AC           ; }
 02AC           ; 
 02AC           ; main()
 02AC           ; {
 02AC                   .dbline 387
 02AC           ;       DDRB=0xe4;
 02AC 84EE              ldi R24,228
 02AE 87BB              out 0x17,R24
 02B0                   .dbline 388
 02B0           ;       DDRC=0xff;
 02B0 8FEF              ldi R24,255
 02B2 84BB              out 0x14,R24
 02B4                   .dbline 389
 02B4           ;       DDRA=0x1e;
 02B4 8EE1              ldi R24,30
 02B6 8ABB              out 0x1a,R24
 02B8                   .dbline 390
 02B8           ;       PORTA=0x00;
 02B8 2224              clr R2
 02BA 2BBA              out 0x1b,R2
 02BC                   .dbline 391
 02BC           ;       PORTC=0xbf;
 02BC 8FEB              ldi R24,191
 02BE 85BB              out 0x15,R24
 02C0                   .dbline 393
 02C0           ; 
 02C0           ;     init_NRF24L01() ;
 02C0 5ADF              xcall _init_NRF24L01
 02C2 2FC0              xjmp L52
 02C4           L51:
 02C4                   .dbline 396
 02C4                   .dbline 397
 02C4 7FDF              xcall _GetADResult
 02C6 00930500          sts _AD_num,R16
 02CA                   .dbline 398
 02CA 8AEA              ldi R24,170
 02CC 80930100          sts _AD_data,R24
 02D0                   .dbline 399
 02D0 8FDF              xcall _GetBaiwei
 02D2 80E0              ldi R24,<_table
 02D4 90E0              ldi R25,>_table
 02D6 E02F              mov R30,R16
 02D8 FF27              clr R31
 02DA E80F              add R30,R24
 02DC F91F              adc R31,R25
 02DE 2080              ldd R2,z+0
 02E0 20920200          sts _AD_data+1,R2
 02E4                   .dbline 400
 02E4 00910500          lds R16,_AD_num
 02E8 8EDF              xcall _GetShiwei
 02EA 80E0              ldi R24,<_table
 02EC 90E0              ldi R25,>_table
 02EE E02F              mov R30,R16
 02F0 FF27              clr R31
 02F2 E80F              add R30,R24
 02F4 F91F              adc R31,R25
 02F6 2080              ldd R2,z+0
 02F8 20920300          sts _AD_data+2,R2
 02FC                   .dbline 401
 02FC 00910500          lds R16,_AD_num
 0300 95DF              xcall _GetGewei
 0302 80E0              ldi R24,<_table
 0304 90E0              ldi R25,>_table
 0306 E02F              mov R30,R16
 0308 FF27              clr R31
 030A E80F              add R30,R24
 030C F91F              adc R31,R25
 030E 2080              ldd R2,z+0
 0310 20920400          sts _AD_data+3,R2
 0314                   .dbline 402
 0314 00E0              ldi R16,<_AD_data
 0316 10E0              ldi R17,>_AD_data
 0318 16DF              xcall _nRF24L01_TxPacket
 031A                   .dbline 403
 031A 2FEF              ldi R18,255
 031C 07E2              ldi R16,39
 031E AADE              xcall _SPI_RW_Reg
 0320                   .dbline 404
 0320 90DF              xcall _dis_zhuye
 0322                   .dbline 405
 0322           L52:
 0322                   .dbline 395
 0322 D0CF              xjmp L51
 0324           X0:
 0324                   .dbline -2
 0324           L50:
 0324                   .dbline 0 ; func end
 0324 0895              ret
 0326                   .dbend
                        .area bss(ram, con, rel)
 0000                   .dbfile F:\开发板配套资料\开发板备份\AVR24L01\无线AD传感\发送\fasong.c
 0000           _sta::
 0000                   .blkb 1
 0001                   .dbsym e sta _sta c
 0001           _AD_data::
 0001                   .blkb 4
 0005                   .dbsym e AD_data _AD_data A[4:4]c
 0005           _AD_num::
 0005                   .blkb 1
 0006                   .dbsym e AD_num _AD_num c
