BL51 BANKED LINKER/LOCATER V5.00                                                        04/05/2010  10:30:49  PAGE 1


BL51 BANKED LINKER/LOCATER V5.00, INVOKED BY:
C:\KEIL\C51\BIN\BL51.EXE main.obj, nRF24L01.obj TO 24L01 RAMSIZE (256)


MEMORY MODEL: SMALL


INPUT MODULES INCLUDED:
  main.obj (MAIN)
  nRF24L01.obj (NRF24L01)
  C:\KEIL\C51\LIB\C51S.LIB (?C_STARTUP)
  C:\KEIL\C51\LIB\C51S.LIB (?C?CLDOPTR)
  C:\KEIL\C51\LIB\C51S.LIB (?C?CSTOPTR)
  C:\KEIL\C51\LIB\C51S.LIB (?C_INIT)


LINK MAP OF MODULE:  24L01 (MAIN)


            TYPE    BASE      LENGTH    RELOCATION   SEGMENT NAME
            -----------------------------------------------------

            * * * * * * *   D A T A   M E M O R Y   * * * * * * *
            REG     0000H     0008H     ABSOLUTE     "REG BANK 0"
            DATA    0008H     000DH     UNIT         _DATA_GROUP_
                    0015H     000BH                  *** GAP ***
            DATA    0020H     0001H     BIT_ADDR     ?BA?NRF24L01
            BIT     0021H.0   0000H.1   UNIT         _BIT_GROUP_
                    0021H.1   0000H.7                *** GAP ***
            DATA    0022H     0043H     UNIT         ?DT?NRF24L01
            IDATA   0065H     0001H     UNIT         ?STACK

            * * * * * * *   C O D E   M E M O R Y   * * * * * * *
            CODE    0000H     0003H     ABSOLUTE     
            CODE    0003H     0003H     ABSOLUTE     
            CODE    0006H     00A1H     UNIT         ?PR?INIT_24L01?NRF24L01
            CODE    00A7H     008CH     UNIT         ?C_C51STARTUP
            CODE    0133H     0062H     UNIT         ?PR?EXTER0?NRF24L01
            CODE    0195H     004FH     UNIT         ?C?LIB_CODE
            CODE    01E4H     0034H     UNIT         ?PR?MAIN?MAIN
            CODE    0218H     0031H     UNIT         ?PR?_SPI_READ_BUF?NRF24L01
            CODE    0249H     002FH     UNIT         ?PR?_SPI_WRITE_BUF?NRF24L01
            CODE    0278H     002EH     UNIT         ?PR?CHECKBUTTONS?NRF24L01
            CODE    02A6H     002BH     UNIT         ?PR?_TX_MODE?NRF24L01
            CODE    02D1H     0027H     UNIT         ?PR?CHECK_ACK?NRF24L01
            CODE    02F8H     0027H     UNIT         ?C_INITSEG
            CODE    031FH     0019H     UNIT         ?PR?_SPI_RW?NRF24L01
            CODE    0338H     0013H     UNIT         ?PR?_DELAY_MS?NRF24L01
            CODE    034BH     0012H     UNIT         ?PR?STARTUART?NRF24L01
            CODE    035DH     0011H     UNIT         ?PR?_SPI_RW_REG?NRF24L01
            CODE    036EH     0010H     UNIT         ?PR?RX_MODE?NRF24L01
            CODE    037EH     000EH     UNIT         ?CO?NRF24L01
            CODE    038CH     000DH     UNIT         ?PR?_SPI_READ?NRF24L01
            CODE    0399H     000CH     UNIT         ?PR?INIT_IO?NRF24L01
            CODE    03A5H     000BH     UNIT         ?PR?_INERDELAY_US?NRF24L01
            CODE    03B0H     0008H     UNIT         ?PR?_R_S_BYTE?NRF24L01


BL51 BANKED LINKER/LOCATER V5.00                                                      04/05/2010  10:30:49  PAGE 2



OVERLAY MAP OF MODULE:   24L01 (MAIN)


SEGMENT                                BIT_GROUP          DATA_GROUP 
  +--> CALLED SEGMENT               START    LENGTH     START    LENGTH
-----------------------------------------------------------------------
?PR?EXTER0?NRF24L01                 -----    -----      -----    -----
  +--> ?PR?_SPI_READ?NRF24L01
  +--> ?PR?_SPI_READ_BUF?NRF24L01
  +--> ?PR?_SPI_RW_REG?NRF24L01

?PR?_SPI_READ?NRF24L01              -----    -----      -----    -----
  +--> ?PR?_SPI_RW?NRF24L01

?PR?_SPI_READ_BUF?NRF24L01          -----    -----      0008H    0005H
  +--> ?PR?_SPI_RW?NRF24L01

?PR?_SPI_RW_REG?NRF24L01            -----    -----      -----    -----
  +--> ?PR?_SPI_RW?NRF24L01

*** NEW ROOT ***************************************************

?C_C51STARTUP                       -----    -----      -----    -----
  +--> ?PR?MAIN?MAIN
  +--> ?C_INITSEG

?PR?MAIN?MAIN                       -----    -----      -----    -----
  +--> ?PR?INIT_IO?NRF24L01
  +--> ?PR?STARTUART?NRF24L01
  +--> ?PR?INIT_24L01?NRF24L01
  +--> ?PR?_R_S_BYTE?NRF24L01
  +--> ?PR?_TX_MODE?NRF24L01
  +--> ?PR?CHECK_ACK?NRF24L01
  +--> ?PR?_DELAY_MS?NRF24L01
  +--> ?PR?RX_MODE?NRF24L01
  +--> ?PR?CHECKBUTTONS?NRF24L01

?PR?INIT_24L01?NRF24L01             -----    -----      -----    -----
  +--> ?CO?NRF24L01
  +--> ?PR?_SPI_WRITE_BUF?NRF24L01
  +--> ?PR?_SPI_RW_REG?NRF24L01

?PR?_SPI_WRITE_BUF?NRF24L01         -----    -----      0010H    0005H
  +--> ?PR?_SPI_RW?NRF24L01

?PR?_TX_MODE?NRF24L01               -----    -----      000DH    0003H
  +--> ?CO?NRF24L01
  +--> ?PR?_SPI_WRITE_BUF?NRF24L01
  +--> ?PR?_INERDELAY_US?NRF24L01

?PR?CHECK_ACK?NRF24L01              0021H.0  0000H.1    -----    -----
  +--> ?PR?_SPI_RW?NRF24L01
  +--> ?PR?_SPI_RW_REG?NRF24L01

?PR?RX_MODE?NRF24L01                -----    -----      -----    -----
  +--> ?PR?_SPI_RW_REG?NRF24L01
BL51 BANKED LINKER/LOCATER V5.00                                                      04/05/2010  10:30:49  PAGE 3


  +--> ?PR?_INERDELAY_US?NRF24L01

?PR?CHECKBUTTONS?NRF24L01           -----    -----      000DH    0001H
  +--> ?PR?_R_S_BYTE?NRF24L01



SYMBOL TABLE OF MODULE:  24L01 (MAIN)

  VALUE           TYPE          NAME
  ----------------------------------

  -------         MODULE        MAIN
  C:0000H         SYMBOL        _ICE_DUMMY_
  D:00A0H         PUBLIC        P2
  D:00B0H         PUBLIC        P3
  B:00B0H.4       PUBLIC        T0
  B:00D0H.6       PUBLIC        AC
  B:00B0H.5       PUBLIC        T1
  B:00A8H.7       PUBLIC        EA
  B:00A0H.0       PUBLIC        CE
  B:00B0H.7       PUBLIC        RD
  B:00A8H.4       PUBLIC        ES
  B:0098H.0       PUBLIC        RI
  B:00B0H.2       PUBLIC        INT0
  B:00D0H.7       PUBLIC        CY
  B:0098H.1       PUBLIC        TI
  B:00B0H.3       PUBLIC        INT1
  B:00B8H.4       PUBLIC        PS
  B:00D0H.2       PUBLIC        OV
  C:01E4H         PUBLIC        main
  B:00B0H.6       PUBLIC        WR
  B:00A0H.5       PUBLIC        MOSI
  B:00A0H.4       PUBLIC        MISO
  B:0088H.1       PUBLIC        IE0
  B:0088H.3       PUBLIC        IE1
  B:00A8H.1       PUBLIC        ET0
  B:00A8H.3       PUBLIC        ET1
  B:0088H.5       PUBLIC        TF0
  B:0088H.7       PUBLIC        TF1
  B:0098H.2       PUBLIC        RB8
  B:00A8H.0       PUBLIC        EX0
  B:0088H.0       PUBLIC        IT0
  B:0098H.3       PUBLIC        TB8
  B:00A8H.2       PUBLIC        EX1
  B:0088H.2       PUBLIC        IT1
  B:00D0H.0       PUBLIC        P
  B:0098H.7       PUBLIC        SM0
  B:0098H.6       PUBLIC        SM1
  B:0098H.5       PUBLIC        SM2
  B:00B8H.1       PUBLIC        PT0
  B:00B8H.3       PUBLIC        PT1
  B:00D0H.3       PUBLIC        RS0
  B:0088H.4       PUBLIC        TR0
  B:00D0H.4       PUBLIC        RS1
  B:0088H.6       PUBLIC        TR1
  B:00B8H.0       PUBLIC        PX0
BL51 BANKED LINKER/LOCATER V5.00                                                      04/05/2010  10:30:49  PAGE 4


  B:00B8H.2       PUBLIC        PX1
  B:00A0H.7       PUBLIC        SCK
  B:00A0H.1       PUBLIC        CSN
  B:0098H.4       PUBLIC        REN
  B:00B0H.2       PUBLIC        IRQ
  B:00B0H.0       PUBLIC        RXD
  B:00B0H.1       PUBLIC        TXD
  B:00D0H.5       PUBLIC        F0
  -------         PROC          MAIN
  C:01E4H         LINE#         9
  C:01E4H         LINE#         10
  C:01E4H         LINE#         11
  C:01E6H         LINE#         12
  C:01E8H         LINE#         13
  C:01EAH         LINE#         14
  C:01EDH         LINE#         15
  C:01F0H         LINE#         16
  C:01F3H         LINE#         17
  C:01F8H         LINE#         18
  C:0201H         LINE#         19
  C:0206H         LINE#         20
  C:020BH         LINE#         21
  C:0210H         LINE#         22
  C:0213H         LINE#         24
  C:0213H         LINE#         25
  C:0213H         LINE#         26
  C:0216H         LINE#         27
  -------         ENDPROC       MAIN
  -------         ENDMOD        MAIN

  -------         MODULE        NRF24L01
  C:0000H         SYMBOL        _ICE_DUMMY_
  D:0090H         PUBLIC        P1
  D:00A0H         PUBLIC        P2
  D:00B0H         PUBLIC        P3
  B:00B0H.4       PUBLIC        T0
  B:00D0H.6       PUBLIC        AC
  B:00B0H.5       PUBLIC        T1
  B:00A8H.7       PUBLIC        EA
  B:00A0H.0       PUBLIC        CE
  C:0006H         PUBLIC        Init_24L01
  C:02D1H         PUBLIC        Check_ACK
  C:036EH         PUBLIC        RX_Mode
  C:037EH         PUBLIC        TX_ADDRESS
  B:00B0H.7       PUBLIC        RD
  B:00A8H.4       PUBLIC        ES
  D:0022H         PUBLIC        DATA
  B:0098H.0       PUBLIC        RI
  D:0023H         PUBLIC        flag
  B:00B0H.2       PUBLIC        INT0
  B:00D0H.7       PUBLIC        CY
  B:0098H.1       PUBLIC        TI
  B:00B0H.3       PUBLIC        INT1
  B:0020H.6       PUBLIC        RX_DR
  B:00B8H.4       PUBLIC        PS
  B:0020H.5       PUBLIC        TX_DS
  B:00D0H.2       PUBLIC        OV
BL51 BANKED LINKER/LOCATER V5.00                                                      04/05/2010  10:30:49  PAGE 5


  D:0024H         PUBLIC        status
  B:00B0H.6       PUBLIC        WR
  C:0218H         PUBLIC        _SPI_Read_Buf
  C:038CH         PUBLIC        _SPI_Read
  D:0099H         PUBLIC        SBUF
  D:0087H         PUBLIC        PCON
  C:0338H         PUBLIC        _delay_ms
  D:0098H         PUBLIC        SCON
  D:0089H         PUBLIC        TMOD
  B:00A0H.5       PUBLIC        MOSI
  B:00A0H.4       PUBLIC        MISO
  C:0249H         PUBLIC        _SPI_Write_Buf
  B:0088H.1       PUBLIC        IE0
  B:0088H.3       PUBLIC        IE1
  C:0383H         PUBLIC        RX_ADDRESS1
  C:0388H         PUBLIC        RX_ADDRESS2
  C:0389H         PUBLIC        RX_ADDRESS3
  C:038AH         PUBLIC        RX_ADDRESS4
  D:0020H         PUBLIC        sta
  C:038BH         PUBLIC        RX_ADDRESS5
  B:00A8H.1       PUBLIC        ET0
  B:00A8H.3       PUBLIC        ET1
  B:0088H.5       PUBLIC        TF0
  B:0088H.7       PUBLIC        TF1
  C:03A5H         PUBLIC        _inerDelay_us
  B:0098H.2       PUBLIC        RB8
  B:00A8H.0       PUBLIC        EX0
  B:0088H.0       PUBLIC        IT0
  D:008DH         PUBLIC        TH1
  B:0098H.3       PUBLIC        TB8
  B:00A8H.2       PUBLIC        EX1
  B:0088H.2       PUBLIC        IT1
  C:034BH         PUBLIC        StartUART
  B:00D0H.0       PUBLIC        P
  B:0098H.7       PUBLIC        SM0
  B:0098H.6       PUBLIC        SM1
  D:008BH         PUBLIC        TL1
  B:0098H.5       PUBLIC        SM2
  B:00B8H.1       PUBLIC        PT0
  C:0278H         PUBLIC        CheckButtons
  B:00B8H.3       PUBLIC        PT1
  B:00D0H.3       PUBLIC        RS0
  C:035DH         PUBLIC        _SPI_RW_Reg
  C:031FH         PUBLIC        _SPI_RW
  B:0088H.4       PUBLIC        TR0
  B:00D0H.4       PUBLIC        RS1
  B:0088H.6       PUBLIC        TR1
  B:00B8H.0       PUBLIC        PX0
  B:00B8H.2       PUBLIC        PX1
  C:0133H         PUBLIC        exter0
  C:03B0H         PUBLIC        _R_S_Byte
  B:00A0H.7       PUBLIC        SCK
  B:00A0H.1       PUBLIC        CSN
  B:0098H.4       PUBLIC        REN
  D:0025H         PUBLIC        RX_BUF
  D:0045H         PUBLIC        TX_BUF
  B:00B0H.2       PUBLIC        IRQ
BL51 BANKED LINKER/LOCATER V5.00                                                      04/05/2010  10:30:49  PAGE 6


  B:0020H.4       PUBLIC        MAX_RT
  B:00B0H.0       PUBLIC        RXD
  C:0399H         PUBLIC        init_io
  B:00B0H.1       PUBLIC        TXD
  C:02A6H         PUBLIC        _TX_Mode
  B:00D0H.5       PUBLIC        F0
  -------         PROC          INIT_IO
  C:0399H         LINE#         33
  C:0399H         LINE#         34
  C:0399H         LINE#         35
  C:039BH         LINE#         36
  C:039DH         LINE#         37
  C:039FH         LINE#         38
  C:03A1H         LINE#         39
  C:03A4H         LINE#         40
  -------         ENDPROC       INIT_IO
  -------         PROC          _DELAY_MS
  D:0007H         SYMBOL        x
  -------         DO            
  D:0006H         SYMBOL        i
  D:0005H         SYMBOL        j
  -------         ENDDO         
  C:0338H         LINE#         49
  C:0338H         LINE#         50
  C:0338H         LINE#         52
  C:033AH         LINE#         53
  C:033FH         LINE#         54
  C:033FH         LINE#         55
  C:0341H         LINE#         56
  C:0343H         LINE#         57
  C:0345H         LINE#         58
  C:0347H         LINE#         59
  C:034AH         LINE#         60
  -------         ENDPROC       _DELAY_MS
  -------         PROC          _INERDELAY_US
  D:0007H         SYMBOL        n
  C:03A5H         LINE#         64
  C:03A5H         LINE#         65
  C:03A5H         LINE#         66
  C:03ABH         LINE#         67
  C:03AFH         LINE#         68
  -------         ENDPROC       _INERDELAY_US
  -------         PROC          _SPI_RW
  D:0007H         SYMBOL        byte
  -------         DO            
  D:0006H         SYMBOL        i
  -------         ENDDO         
  C:031FH         LINE#         76
  C:031FH         LINE#         77
  C:031FH         LINE#         79
  C:0321H         LINE#         80
  C:0321H         LINE#         81
  C:0325H         LINE#         82
  C:0329H         LINE#         83
  C:032BH         LINE#         84
  C:0331H         LINE#         85
  C:0333H         LINE#         86
BL51 BANKED LINKER/LOCATER V5.00                                                      04/05/2010  10:30:49  PAGE 7


  C:0337H         LINE#         87
  C:0337H         LINE#         88
  -------         ENDPROC       _SPI_RW
  -------         PROC          _SPI_RW_REG
  D:0007H         SYMBOL        reg
  D:0005H         SYMBOL        value
  -------         DO            
  D:0004H         SYMBOL        status
  -------         ENDDO         
  C:035DH         LINE#         97
  C:035DH         LINE#         98
  C:035DH         LINE#         100
  C:035FH         LINE#         101
  C:0364H         LINE#         102
  C:0369H         LINE#         103
  C:036BH         LINE#         104
  C:036DH         LINE#         105
  -------         ENDPROC       _SPI_RW_REG
  -------         PROC          _SPI_READ
  D:0007H         SYMBOL        reg
  -------         DO            
  D:0007H         SYMBOL        reg_val
  -------         ENDDO         
  C:038CH         LINE#         114
  C:038CH         LINE#         115
  C:038CH         LINE#         117
  C:038EH         LINE#         118
  C:0391H         LINE#         119
  C:0396H         LINE#         120
  C:0398H         LINE#         121
  C:0398H         LINE#         122
  -------         ENDPROC       _SPI_READ
  -------         PROC          _SPI_READ_BUF
  D:0007H         SYMBOL        reg
  D:0009H         SYMBOL        pBuf
  D:000CH         SYMBOL        bytes
  -------         DO            
  D:0005H         SYMBOL        status
  D:0004H         SYMBOL        i
  -------         ENDDO         
  C:0218H         LINE#         132
  C:021EH         LINE#         133
  C:021EH         LINE#         135
  C:0220H         LINE#         136
  C:0225H         LINE#         137
  C:022DH         LINE#         138
  C:0244H         LINE#         139
  C:0246H         LINE#         140
  C:0248H         LINE#         141
  -------         ENDPROC       _SPI_READ_BUF
  -------         PROC          _SPI_WRITE_BUF
  D:0007H         SYMBOL        reg
  D:0011H         SYMBOL        pBuf
  D:0014H         SYMBOL        bytes
  -------         DO            
  D:0005H         SYMBOL        status
  D:0004H         SYMBOL        i
BL51 BANKED LINKER/LOCATER V5.00                                                      04/05/2010  10:30:49  PAGE 8


  -------         ENDDO         
  C:0249H         LINE#         151
  C:024FH         LINE#         152
  C:024FH         LINE#         154
  C:0251H         LINE#         155
  C:0256H         LINE#         156
  C:025EH         LINE#         157
  C:0273H         LINE#         158
  C:0275H         LINE#         159
  C:0277H         LINE#         160
  -------         ENDPROC       _SPI_WRITE_BUF
  -------         PROC          RX_MODE
  C:036EH         LINE#         169
  C:036EH         LINE#         170
  C:036EH         LINE#         171
  C:0370H         LINE#         172
  C:0377H         LINE#         173
  C:0379H         LINE#         174
  -------         ENDPROC       RX_MODE
  -------         PROC          _TX_MODE
  D:000DH         SYMBOL        BUF
  C:02A6H         LINE#         186
  C:02ACH         LINE#         187
  C:02ACH         LINE#         188
  C:02AEH         LINE#         189
  C:02BCH         LINE#         190
  C:02CAH         LINE#         191
  C:02CCH         LINE#         192
  -------         ENDPROC       _TX_MODE
  -------         PROC          CHECK_ACK
  B:0021H.0       SYMBOL        clear
  C:02D1H         LINE#         203
  C:02D1H         LINE#         204
  C:02D1H         LINE#         205
  C:02D4H         LINE#         206
  C:02DBH         LINE#         207
  C:02DEH         LINE#         208
  C:02E1H         LINE#         209
  C:02E6H         LINE#         210
  C:02EDH         LINE#         211
  C:02EFH         LINE#         212
  C:02F2H         LINE#         213
  C:02F5H         LINE#         215
  C:02F7H         LINE#         216
  -------         ENDPROC       CHECK_ACK
  -------         PROC          CHECKBUTTONS
  -------         DO            
  D:000DH         SYMBOL        i
  -------         ENDDO         
  C:0278H         LINE#         225
  C:0278H         LINE#         226
  C:0278H         LINE#         227
  C:027BH         LINE#         228
  C:027FH         LINE#         229
  C:027FH         LINE#         230
  C:0282H         LINE#         231
  C:0287H         LINE#         232
BL51 BANKED LINKER/LOCATER V5.00                                                      04/05/2010  10:30:49  PAGE 9


  C:028CH         LINE#         233
  C:028FH         LINE#         234
  C:02A2H         LINE#         236
  C:02A5H         LINE#         237
  C:02A5H         LINE#         238
  -------         ENDPROC       CHECKBUTTONS
  -------         PROC          STARTUART
  C:034BH         LINE#         241
  C:034BH         LINE#         242
  C:034BH         LINE#         243
  C:034EH         LINE#         244
  C:0351H         LINE#         245
  C:0354H         LINE#         246
  C:0357H         LINE#         247
  C:035AH         LINE#         248
  C:035CH         LINE#         249
  -------         ENDPROC       STARTUART
  -------         PROC          _R_S_BYTE
  D:0007H         SYMBOL        R_Byte
  C:03B0H         LINE#         251
  C:03B0H         LINE#         252
  C:03B0H         LINE#         253
  C:03B2H         LINE#         254
  C:03B5H         LINE#         255
  C:03B7H         LINE#         256
  -------         ENDPROC       _R_S_BYTE
  -------         PROC          EXTER0
  C:0133H         LINE#         258
  C:014EH         LINE#         260
  C:0155H         LINE#         261
  C:0158H         LINE#         262
  C:0158H         LINE#         263
  C:015BH         LINE#         264
  C:015EH         LINE#         265
  C:0164H         LINE#         266
  C:0172H         LINE#         267
  C:0175H         LINE#         268
  C:0175H         LINE#         269
  C:017CH         LINE#         270
  -------         ENDPROC       EXTER0
  -------         PROC          INIT_24L01
  C:0006H         LINE#         271
  C:0006H         LINE#         272
  C:0006H         LINE#         273
  C:0008H         LINE#         274
  C:0016H         LINE#         275
  C:0024H         LINE#         276
  C:0032H         LINE#         277
  C:0040H         LINE#         278
  C:004EH         LINE#         279
  C:005CH         LINE#         280
  C:0063H         LINE#         281
  C:0068H         LINE#         282
  C:006DH         LINE#         283
  C:0072H         LINE#         284
  C:0077H         LINE#         285
  C:007CH         LINE#         286
BL51 BANKED LINKER/LOCATER V5.00                                                      04/05/2010  10:30:49  PAGE 10


  C:0083H         LINE#         287
  C:0088H         LINE#         288
  C:008FH         LINE#         289
  C:0096H         LINE#         290
  C:009DH         LINE#         291
  C:00A4H         LINE#         292
  C:00A6H         LINE#         293
  -------         ENDPROC       INIT_24L01
  -------         ENDMOD        NRF24L01

  -------         MODULE        ?C?CLDOPTR
  C:0195H         PUBLIC        ?C?CLDOPTR
  -------         ENDMOD        ?C?CLDOPTR

  -------         MODULE        ?C?CSTOPTR
  C:01C2H         PUBLIC        ?C?CSTOPTR
  -------         ENDMOD        ?C?CSTOPTR

Program Size: data=90.1 xdata=0 code=952
LINK/LOCATE RUN COMPLETE.  0 WARNING(S),  0 ERROR(S)
