BL51 BANKED LINKER/LOCATER V5.03                                                        12/17/2008  15:04:29  PAGE 1


BL51 BANKED LINKER/LOCATER V5.03, INVOKED BY:
C:\KEIL\C51\BIN\BL51.EXE Test.obj TO test RAMSIZE (256)


MEMORY MODEL: SMALL


INPUT MODULES INCLUDED:
  Test.obj (TEST)
  C:\KEIL\C51\LIB\C51S.LIB (?C_STARTUP)
  C:\KEIL\C51\LIB\C51S.LIB (?C?COPY)
  C:\KEIL\C51\LIB\C51S.LIB (?C?CLDPTR)
  C:\KEIL\C51\LIB\C51S.LIB (?C?CSTOPTR)
  C:\KEIL\C51\LIB\C51S.LIB (?C_INIT)


LINK MAP OF MODULE:  test (TEST)


            TYPE    BASE      LENGTH    RELOCATION   SEGMENT NAME
            -----------------------------------------------------

            * * * * * * *   D A T A   M E M O R Y   * * * * * * *
            REG     0000H     0008H     ABSOLUTE     "REG BANK 0"
            DATA    0008H     0014H     UNIT         ?DT?TEST
                    001CH     0004H                  *** GAP ***
            DATA    0020H     0001H     BIT_ADDR     ?BA?TEST
            DATA    0021H     0031H     UNIT         _DATA_GROUP_
            IDATA   0052H     0001H     UNIT         ?STACK

            * * * * * * *   C O D E   M E M O R Y   * * * * * * *
            CODE    0000H     0003H     ABSOLUTE     
            CODE    0003H     0131H     UNIT         ?C?LIB_CODE
            CODE    0134H     00B1H     UNIT         ?PR?MAIN?TEST
            CODE    01E5H     008CH     UNIT         ?C_C51STARTUP
            CODE    0271H     0043H     UNIT         ?PR?INIT_NRF24L01?TEST
            CODE    02B4H     0039H     UNIT         ?PR?_SPI_WRITE_BUF?TEST
            CODE    02EDH     0031H     UNIT         ?PR?_SPI_READ_BUF?TEST
            CODE    031EH     002EH     UNIT         ?PR?_NRF24L01_RXPACKET?TEST
            CODE    034CH     002BH     UNIT         ?PR?_NRF24L01_TXPACKET?TEST
            CODE    0377H     0028H     UNIT         ?CO?TEST
            CODE    039FH     0023H     UNIT         ?PR?_DELAY?TEST
            CODE    03C2H     001BH     UNIT         ?C_INITSEG
            CODE    03DDH     0019H     UNIT         ?PR?_SPI_RW?TEST
            CODE    03F6H     0011H     UNIT         ?PR?_SPI_RW_REG?TEST
            CODE    0407H     0010H     UNIT         ?PR?SETRX_MODE?TEST
            CODE    0417H     000DH     UNIT         ?PR?_SPI_READ?TEST
            CODE    0424H     000BH     UNIT         ?PR?_INERDELAY_US?TEST



OVERLAY MAP OF MODULE:   test (TEST)


SEGMENT                               DATA_GROUP 
  +--> CALLED SEGMENT               START    LENGTH
---------------------------------------------------
?C_C51STARTUP                       -----    -----
BL51 BANKED LINKER/LOCATER V5.03                                                      12/17/2008  15:04:29  PAGE 2


  +--> ?PR?MAIN?TEST
  +--> ?C_INITSEG

?PR?MAIN?TEST                       0021H    0029H
  +--> ?CO?TEST
  +--> ?PR?INIT_NRF24L01?TEST
  +--> ?PR?_NRF24L01_TXPACKET?TEST
  +--> ?PR?_DELAY?TEST
  +--> ?PR?SETRX_MODE?TEST
  +--> ?PR?_NRF24L01_RXPACKET?TEST

?PR?INIT_NRF24L01?TEST              -----    -----
  +--> ?PR?_INERDELAY_US?TEST
  +--> ?PR?_SPI_WRITE_BUF?TEST
  +--> ?PR?_SPI_RW_REG?TEST

?PR?_SPI_WRITE_BUF?TEST             004DH    0005H
  +--> ?PR?_SPI_RW?TEST

?PR?_SPI_RW_REG?TEST                -----    -----
  +--> ?PR?_SPI_RW?TEST

?PR?_NRF24L01_TXPACKET?TEST         004AH    0003H
  +--> ?PR?_SPI_WRITE_BUF?TEST
  +--> ?PR?_SPI_RW_REG?TEST
  +--> ?PR?_INERDELAY_US?TEST

?PR?SETRX_MODE?TEST                 -----    -----
  +--> ?PR?_SPI_RW_REG?TEST
  +--> ?PR?_INERDELAY_US?TEST

?PR?_NRF24L01_RXPACKET?TEST         004AH    0003H
  +--> ?PR?_SPI_READ?TEST
  +--> ?PR?_SPI_READ_BUF?TEST
  +--> ?PR?_SPI_RW_REG?TEST

?PR?_SPI_READ?TEST                  -----    -----
  +--> ?PR?_SPI_RW?TEST

?PR?_SPI_READ_BUF?TEST              004DH    0005H
  +--> ?PR?_SPI_RW?TEST



SYMBOL TABLE OF MODULE:  test (TEST)

  VALUE           TYPE          NAME
  ----------------------------------

  -------         MODULE        TEST
  C:0000H         SYMBOL        _ICE_DUMMY_
  D:0080H         PUBLIC        P0
  D:0090H         PUBLIC        P1
  D:00A0H         PUBLIC        P2
  D:00B0H         PUBLIC        P3
  C:031EH         PUBLIC        _nRF24L01_RxPacket
  C:034CH         PUBLIC        _nRF24L01_TxPacket
BL51 BANKED LINKER/LOCATER V5.03                                                      12/17/2008  15:04:29  PAGE 3


  B:0090H.1       PUBLIC        CE
  D:00A8H         PUBLIC        IE
  C:0271H         PUBLIC        init_NRF24L01
  D:0008H         PUBLIC        RX_ADDRESS
  D:000DH         PUBLIC        TX_ADDRESS
  D:00B8H         PUBLIC        IP
  B:00B0H.6       PUBLIC        KEY1
  B:00B0H.7       PUBLIC        KEY2
  B:0020H.6       PUBLIC        RX_DR
  B:0020H.5       PUBLIC        TX_DS
  C:0134H         PUBLIC        main
  C:02EDH         PUBLIC        _SPI_Read_Buf
  C:0417H         PUBLIC        _SPI_Read
  D:0098H         PUBLIC        SCON
  D:0088H         PUBLIC        TCON
  B:0090H.4       PUBLIC        MOSI
  B:0090H.3       PUBLIC        MISO
  C:02BBH         PUBLIC        _SPI_Write_Buf
  C:0407H         PUBLIC        SetRX_Mode
  D:0012H         PUBLIC        seg
  C:0377H         SYMBOL        _?ix1000
  C:038BH         SYMBOL        _?ix1001
  D:0020H         PUBLIC        sta
  C:0424H         PUBLIC        _inerDelay_us
  C:039FH         PUBLIC        _Delay
  C:03F6H         PUBLIC        _SPI_RW_Reg
  C:03DDH         PUBLIC        _SPI_RW
  B:0090H.2       PUBLIC        SCK
  B:00B0H.2       PUBLIC        CSN
  B:00A0H.3       PUBLIC        led0
  B:00A0H.2       PUBLIC        led1
  D:00C8H         PUBLIC        T2CON
  B:00A0H.1       PUBLIC        led2
  B:00A0H.0       PUBLIC        led3
  B:0020H.4       PUBLIC        MAX_RT
  D:00D0H         PUBLIC        PSW
  -------         PROC          _DELAY
  D:0006H         SYMBOL        s
  -------         DO            
  D:0004H         SYMBOL        i
  -------         ENDDO         
  C:039FH         LINE#         79
  C:039FH         LINE#         80
  C:039FH         LINE#         82
  C:03B0H         LINE#         83
  C:03C1H         LINE#         84
  -------         ENDPROC       _DELAY
  -------         PROC          _INERDELAY_US
  D:0007H         SYMBOL        n
  C:0424H         LINE#         93
  C:0424H         LINE#         94
  C:0424H         LINE#         95
  C:042AH         LINE#         96
  C:042EH         LINE#         97
  -------         ENDPROC       _INERDELAY_US
  -------         PROC          INIT_NRF24L01
  C:0271H         LINE#         101
BL51 BANKED LINKER/LOCATER V5.03                                                      12/17/2008  15:04:29  PAGE 4


  C:0271H         LINE#         102
  C:0271H         LINE#         103
  C:0276H         LINE#         104
  C:0278H         LINE#         105
  C:027AH         LINE#         106
  C:027CH         LINE#         107
  C:028AH         LINE#         108
  C:0291H         LINE#         109
  C:0298H         LINE#         110
  C:029FH         LINE#         111
  C:02A6H         LINE#         112
  C:02ADH         LINE#         113
  -------         ENDPROC       INIT_NRF24L01
  -------         PROC          _SPI_RW
  D:0007H         SYMBOL        uchar
  -------         DO            
  D:0006H         SYMBOL        bit_ctr
  -------         ENDDO         
  C:03DDH         LINE#         119
  C:03DDH         LINE#         120
  C:03DDH         LINE#         122
  C:03DFH         LINE#         123
  C:03DFH         LINE#         124
  C:03E3H         LINE#         125
  C:03E7H         LINE#         126
  C:03E9H         LINE#         127
  C:03EFH         LINE#         128
  C:03F1H         LINE#         129
  C:03F5H         LINE#         130
  C:03F5H         LINE#         131
  -------         ENDPROC       _SPI_RW
  -------         PROC          _SPI_READ
  D:0007H         SYMBOL        reg
  -------         DO            
  D:0007H         SYMBOL        reg_val
  -------         ENDDO         
  C:0417H         LINE#         136
  C:0417H         LINE#         137
  C:0417H         LINE#         140
  C:0419H         LINE#         141
  C:041CH         LINE#         142
  C:0421H         LINE#         143
  C:0423H         LINE#         145
  C:0423H         LINE#         146
  -------         ENDPROC       _SPI_READ
  -------         PROC          _SPI_RW_REG
  D:0007H         SYMBOL        reg
  D:0005H         SYMBOL        value
  -------         DO            
  D:0004H         SYMBOL        status
  -------         ENDDO         
  C:03F6H         LINE#         150
  C:03F6H         LINE#         151
  C:03F6H         LINE#         154
  C:03F8H         LINE#         155
  C:03FDH         LINE#         156
  C:0402H         LINE#         157
BL51 BANKED LINKER/LOCATER V5.03                                                      12/17/2008  15:04:29  PAGE 5


  C:0404H         LINE#         159
  C:0406H         LINE#         160
  -------         ENDPROC       _SPI_RW_REG
  -------         PROC          _SPI_READ_BUF
  D:0007H         SYMBOL        reg
  D:004EH         SYMBOL        pBuf
  D:0051H         SYMBOL        uchars
  -------         DO            
  D:0005H         SYMBOL        status
  D:0004H         SYMBOL        uchar_ctr
  -------         ENDDO         
  C:02EDH         LINE#         165
  C:02F3H         LINE#         166
  C:02F3H         LINE#         169
  C:02F5H         LINE#         170
  C:02FAH         LINE#         172
  C:0302H         LINE#         173
  C:0319H         LINE#         175
  C:031BH         LINE#         177
  C:031DH         LINE#         178
  -------         ENDPROC       _SPI_READ_BUF
  -------         PROC          L?0043
  -------         ENDPROC       L?0043
  -------         PROC          _SPI_WRITE_BUF
  D:0007H         SYMBOL        reg
  D:004EH         SYMBOL        pBuf
  D:0051H         SYMBOL        uchars
  -------         DO            
  D:0005H         SYMBOL        status
  D:0004H         SYMBOL        uchar_ctr
  -------         ENDDO         
  C:02BBH         LINE#         183
  C:02C1H         LINE#         184
  C:02C1H         LINE#         187
  C:02C3H         LINE#         188
  C:02C8H         LINE#         189
  C:02D0H         LINE#         190
  C:02E8H         LINE#         191
  C:02EAH         LINE#         192
  C:02ECH         LINE#         193
  -------         ENDPROC       _SPI_WRITE_BUF
  -------         PROC          SETRX_MODE
  C:0407H         LINE#         198
  C:0407H         LINE#         199
  C:0407H         LINE#         200
  C:0409H         LINE#         201
  C:0410H         LINE#         202
  C:0412H         LINE#         203
  -------         ENDPROC       SETRX_MODE
  -------         PROC          _NRF24L01_RXPACKET
  D:004AH         SYMBOL        rx_buf
  -------         DO            
  D:0003H         SYMBOL        revale
  -------         ENDDO         
  C:031EH         LINE#         209
  C:0324H         LINE#         210
  C:0324H         LINE#         211
BL51 BANKED LINKER/LOCATER V5.03                                                      12/17/2008  15:04:29  PAGE 6


  C:0326H         LINE#         212
  C:032DH         LINE#         213
  C:0330H         LINE#         214
  C:0330H         LINE#         215
  C:0332H         LINE#         216
  C:0340H         LINE#         217
  C:0342H         LINE#         218
  C:0342H         LINE#         219
  C:0349H         LINE#         220
  C:034BH         LINE#         221
  -------         ENDPROC       _NRF24L01_RXPACKET
  -------         PROC          _NRF24L01_TXPACKET
  D:004AH         SYMBOL        tx_buf
  C:034CH         LINE#         226
  C:0352H         LINE#         227
  C:0352H         LINE#         228
  C:0354H         LINE#         229
  C:035BH         LINE#         230
  C:0369H         LINE#         231
  C:0370H         LINE#         232
  C:0372H         LINE#         233
  -------         ENDPROC       _NRF24L01_TXPACKET
  -------         PROC          MAIN
  -------         DO            
  D:0021H         SYMBOL        tf
  D:0022H         SYMBOL        TxBuf
  D:0036H         SYMBOL        RxBuf
  -------         ENDDO         
  C:0134H         LINE#         236
  C:0134H         LINE#         237
  C:0134H         LINE#         238
  C:0137H         LINE#         239
  C:0148H         LINE#         240
  C:015BH         LINE#         241
  C:015EH         LINE#         242
  C:0166H         LINE#         243
  C:0169H         LINE#         244
  C:016CH         LINE#         245
  C:016FH         LINE#         246
  C:0177H         LINE#         247
  C:017EH         LINE#         248
  C:0181H         LINE#         249
  C:0181H         LINE#         250
  C:0181H         LINE#         251
  C:0184H         LINE#         252
  C:0184H         LINE#         253
  C:0187H         LINE#         254
  C:018AH         LINE#         255
  C:018DH         LINE#         256
  C:018DH         LINE#         257
  C:0190H         LINE#         258
  C:0190H         LINE#         259
  C:0193H         LINE#         260
  C:0196H         LINE#         261
  C:0199H         LINE#         262
  C:0199H         LINE#         263
  C:019EH         LINE#         264
BL51 BANKED LINKER/LOCATER V5.03                                                      12/17/2008  15:04:29  PAGE 7


  C:019EH         LINE#         265
  C:01A7H         LINE#         266
  C:01AAH         LINE#         267
  C:01ACH         LINE#         268
  C:01AEH         LINE#         269
  C:01B5H         LINE#         270
  C:01B5H         LINE#         272
  C:01B8H         LINE#         273
  C:01C1H         LINE#         274
  C:01C7H         LINE#         275
  C:01C7H         LINE#         276
  C:01CCH         LINE#         277
  C:01CCH         LINE#         278
  C:01CFH         LINE#         279
  C:01CFH         LINE#         280
  C:01D4H         LINE#         281
  C:01D4H         LINE#         282
  C:01D7H         LINE#         283
  C:01D7H         LINE#         284
  C:01DEH         LINE#         285
  C:01DEH         LINE#         287
  C:01E1H         LINE#         288
  C:01E3H         LINE#         289
  -------         ENDPROC       MAIN
  -------         ENDMOD        TEST

  -------         MODULE        ?C?COPY
  C:00D3H         PUBLIC        ?C?COPY
  -------         ENDMOD        ?C?COPY

  -------         MODULE        ?C?CLDPTR
  C:00F9H         PUBLIC        ?C?CLDPTR
  -------         ENDMOD        ?C?CLDPTR

  -------         MODULE        ?C?CSTOPTR
  C:0112H         PUBLIC        ?C?CSTOPTR
  -------         ENDMOD        ?C?CSTOPTR

Program Size: data=79.0 xdata=0 code=1071
LINK/LOCATE RUN COMPLETE.  0 WARNING(S),  0 ERROR(S)
