BL51 BANKED LINKER/LOCATER V5.00                                                        04/05/2010  10:41:30  PAGE 1


BL51 BANKED LINKER/LOCATER V5.00, INVOKED BY:
C:\KEIL\C51\BIN\BL51.EXE main.obj, nRF24L01.obj TO 24L01 RAMSIZE (256)


MEMORY MODEL: SMALL


INPUT MODULES INCLUDED:
  main.obj (MAIN)
  nRF24L01.obj (NRF24L01)
  C:\KEIL\C51\LIB\C51S.LIB (?C_STARTUP)
  C:\KEIL\C51\LIB\C51S.LIB (?C?CLDOPTR)
  C:\KEIL\C51\LIB\C51S.LIB (?C?CSTOPTR)
  C:\KEIL\C51\LIB\C51S.LIB (?C_INIT)


LINK MAP OF MODULE:  24L01 (MAIN)


            TYPE    BASE      LENGTH    RELOCATION   SEGMENT NAME
            -----------------------------------------------------

            * * * * * * *   D A T A   M E M O R Y   * * * * * * *
            REG     0000H     0008H     ABSOLUTE     "REG BANK 0"
            DATA    0008H     000DH     UNIT         _DATA_GROUP_
                    0015H     000BH                  *** GAP ***
            DATA    0020H     0001H     BIT_ADDR     ?BA?NRF24L01
            BIT     0021H.0   0000H.1   UNIT         _BIT_GROUP_
                    0021H.1   0000H.7                *** GAP ***
            DATA    0022H     0043H     UNIT         ?DT?NRF24L01
            IDATA   0065H     0001H     UNIT         ?STACK

            * * * * * * *   C O D E   M E M O R Y   * * * * * * *
            CODE    0000H     0003H     ABSOLUTE     
            CODE    0003H     0003H     ABSOLUTE     
            CODE    0006H     008CH     UNIT         ?C_C51STARTUP
            CODE    0092H     0062H     UNIT         ?PR?EXTER0?NRF24L01
            CODE    00F4H     004FH     UNIT         ?C?LIB_CODE
            CODE    0143H     0049H     UNIT         ?PR?_TX_MODE?NRF24L01
            CODE    018CH     003AH     UNIT         ?PR?_SPI_WRITE_BUF?NRF24L01
            CODE    01C6H     0034H     UNIT         ?PR?MAIN?MAIN
            CODE    01FAH     0031H     UNIT         ?PR?_SPI_READ_BUF?NRF24L01
            CODE    022BH     002EH     UNIT         ?PR?CHECKBUTTONS?NRF24L01
            CODE    0259H     0027H     UNIT         ?PR?RX_MODE?NRF24L01
            CODE    0280H     0027H     UNIT         ?PR?CHECK_ACK?NRF24L01
            CODE    02A7H     0027H     UNIT         ?C_INITSEG
            CODE    02CEH     001AH     UNIT         ?PR?_SPI_RW_REG?NRF24L01
            CODE    02E8H     0019H     UNIT         ?PR?_SPI_RW?NRF24L01
            CODE    0301H     0013H     UNIT         ?PR?_DELAY_MS?NRF24L01
            CODE    0314H     0012H     UNIT         ?PR?STARTUART?NRF24L01
            CODE    0326H     000DH     UNIT         ?PR?_SPI_READ?NRF24L01
            CODE    0333H     000CH     UNIT         ?PR?INIT_IO?NRF24L01
            CODE    033FH     0008H     UNIT         ?PR?_R_S_BYTE?NRF24L01
            CODE    0347H     0005H     UNIT         ?CO?NRF24L01



OVERLAY MAP OF MODULE:   24L01 (MAIN)
BL51 BANKED LINKER/LOCATER V5.00                                                      04/05/2010  10:41:30  PAGE 2




SEGMENT                                BIT_GROUP          DATA_GROUP 
  +--> CALLED SEGMENT               START    LENGTH     START    LENGTH
-----------------------------------------------------------------------
?PR?EXTER0?NRF24L01                 -----    -----      -----    -----
  +--> ?PR?_SPI_READ?NRF24L01
  +--> ?PR?_SPI_READ_BUF?NRF24L01
  +--> ?PR?_SPI_RW_REG?NRF24L01

?PR?_SPI_READ?NRF24L01              -----    -----      -----    -----
  +--> ?PR?_SPI_RW?NRF24L01

?PR?_SPI_READ_BUF?NRF24L01          -----    -----      0008H    0005H
  +--> ?PR?_SPI_RW?NRF24L01

?PR?_SPI_RW_REG?NRF24L01            -----    -----      -----    -----
  +--> ?PR?_SPI_RW?NRF24L01

*** NEW ROOT ***************************************************

?C_C51STARTUP                       -----    -----      -----    -----
  +--> ?PR?MAIN?MAIN
  +--> ?C_INITSEG

?PR?MAIN?MAIN                       -----    -----      -----    -----
  +--> ?PR?INIT_IO?NRF24L01
  +--> ?PR?STARTUART?NRF24L01
  +--> ?PR?_R_S_BYTE?NRF24L01
  +--> ?PR?RX_MODE?NRF24L01
  +--> ?PR?_TX_MODE?NRF24L01
  +--> ?PR?CHECK_ACK?NRF24L01
  +--> ?PR?_DELAY_MS?NRF24L01
  +--> ?PR?CHECKBUTTONS?NRF24L01

?PR?RX_MODE?NRF24L01                -----    -----      -----    -----
  +--> ?PR?_SPI_WRITE_BUF?NRF24L01
  +--> ?PR?_SPI_RW_REG?NRF24L01

?PR?_SPI_WRITE_BUF?NRF24L01         -----    -----      0010H    0005H
  +--> ?CO?NRF24L01
  +--> ?PR?_SPI_RW?NRF24L01

?PR?_TX_MODE?NRF24L01               -----    -----      000DH    0003H
  +--> ?CO?NRF24L01
  +--> ?PR?_SPI_WRITE_BUF?NRF24L01
  +--> ?PR?_SPI_RW_REG?NRF24L01

?PR?CHECK_ACK?NRF24L01              0021H.0  0000H.1    -----    -----
  +--> ?PR?_SPI_RW?NRF24L01
  +--> ?PR?_SPI_RW_REG?NRF24L01

?PR?CHECKBUTTONS?NRF24L01           -----    -----      000DH    0001H
  +--> ?PR?_R_S_BYTE?NRF24L01



BL51 BANKED LINKER/LOCATER V5.00                                                      04/05/2010  10:41:30  PAGE 3


SYMBOL TABLE OF MODULE:  24L01 (MAIN)

  VALUE           TYPE          NAME
  ----------------------------------

  -------         MODULE        MAIN
  C:0000H         SYMBOL        _ICE_DUMMY_
  D:00A0H         PUBLIC        P2
  D:00B0H         PUBLIC        P3
  B:00B0H.4       PUBLIC        T0
  B:00D0H.6       PUBLIC        AC
  B:00B0H.5       PUBLIC        T1
  B:00A8H.7       PUBLIC        EA
  B:00A0H.0       PUBLIC        CE
  B:00B0H.7       PUBLIC        RD
  B:00A8H.4       PUBLIC        ES
  B:0098H.0       PUBLIC        RI
  B:00B0H.2       PUBLIC        INT0
  B:00D0H.7       PUBLIC        CY
  B:0098H.1       PUBLIC        TI
  B:00B0H.3       PUBLIC        INT1
  B:00B8H.4       PUBLIC        PS
  B:00D0H.2       PUBLIC        OV
  C:01C6H         PUBLIC        main
  B:00B0H.6       PUBLIC        WR
  B:00A0H.5       PUBLIC        MOSI
  B:00A0H.4       PUBLIC        MISO
  B:0088H.1       PUBLIC        IE0
  B:0088H.3       PUBLIC        IE1
  B:00A8H.1       PUBLIC        ET0
  B:00A8H.3       PUBLIC        ET1
  B:0088H.5       PUBLIC        TF0
  B:0088H.7       PUBLIC        TF1
  B:0098H.2       PUBLIC        RB8
  B:00A8H.0       PUBLIC        EX0
  B:0088H.0       PUBLIC        IT0
  B:0098H.3       PUBLIC        TB8
  B:00A8H.2       PUBLIC        EX1
  B:0088H.2       PUBLIC        IT1
  B:00D0H.0       PUBLIC        P
  B:0098H.7       PUBLIC        SM0
  B:0098H.6       PUBLIC        SM1
  B:0098H.5       PUBLIC        SM2
  B:00B8H.1       PUBLIC        PT0
  B:00B8H.3       PUBLIC        PT1
  B:00D0H.3       PUBLIC        RS0
  B:0088H.4       PUBLIC        TR0
  B:00D0H.4       PUBLIC        RS1
  B:0088H.6       PUBLIC        TR1
  B:00B8H.0       PUBLIC        PX0
  B:00B8H.2       PUBLIC        PX1
  B:00A0H.7       PUBLIC        SCK
  B:00A0H.1       PUBLIC        CSN
  B:0098H.4       PUBLIC        REN
  B:00B0H.2       PUBLIC        IRQ
  B:00B0H.0       PUBLIC        RXD
  B:00B0H.1       PUBLIC        TXD
BL51 BANKED LINKER/LOCATER V5.00                                                      04/05/2010  10:41:30  PAGE 4


  B:00D0H.5       PUBLIC        F0
  -------         PROC          MAIN
  C:01C6H         LINE#         9
  C:01C6H         LINE#         10
  C:01C6H         LINE#         11
  C:01C8H         LINE#         12
  C:01CAH         LINE#         13
  C:01CCH         LINE#         15
  C:01CFH         LINE#         16
  C:01D2H         LINE#         17
  C:01D7H         LINE#         18
  C:01DAH         LINE#         21
  C:01E3H         LINE#         22
  C:01E8H         LINE#         23
  C:01EDH         LINE#         24
  C:01F2H         LINE#         25
  C:01F5H         LINE#         27
  C:01F5H         LINE#         28
  C:01F5H         LINE#         29
  C:01F8H         LINE#         30
  -------         ENDPROC       MAIN
  -------         ENDMOD        MAIN

  -------         MODULE        NRF24L01
  C:0000H         SYMBOL        _ICE_DUMMY_
  D:0090H         PUBLIC        P1
  D:00A0H         PUBLIC        P2
  D:00B0H         PUBLIC        P3
  B:00B0H.4       PUBLIC        T0
  B:00D0H.6       PUBLIC        AC
  B:00B0H.5       PUBLIC        T1
  B:00A8H.7       PUBLIC        EA
  B:00A0H.0       PUBLIC        CE
  C:0280H         PUBLIC        Check_ACK
  C:0259H         PUBLIC        RX_Mode
  C:0347H         PUBLIC        TX_ADDRESS
  B:00B0H.7       PUBLIC        RD
  B:00A8H.4       PUBLIC        ES
  D:0022H         PUBLIC        DATA
  B:0098H.0       PUBLIC        RI
  D:0023H         PUBLIC        flag
  B:00B0H.2       PUBLIC        INT0
  B:00D0H.7       PUBLIC        CY
  B:0098H.1       PUBLIC        TI
  B:00B0H.3       PUBLIC        INT1
  B:0020H.6       PUBLIC        RX_DR
  B:00B8H.4       PUBLIC        PS
  B:0020H.5       PUBLIC        TX_DS
  B:00D0H.2       PUBLIC        OV
  D:0024H         PUBLIC        status
  B:00B0H.6       PUBLIC        WR
  C:01FAH         PUBLIC        _SPI_Read_Buf
  C:0326H         PUBLIC        _SPI_Read
  D:0099H         PUBLIC        SBUF
  D:0087H         PUBLIC        PCON
  C:0301H         PUBLIC        _delay_ms
  D:0098H         PUBLIC        SCON
BL51 BANKED LINKER/LOCATER V5.00                                                      04/05/2010  10:41:30  PAGE 5


  D:0089H         PUBLIC        TMOD
  B:00A0H.5       PUBLIC        MOSI
  B:00A0H.4       PUBLIC        MISO
  C:0197H         PUBLIC        _SPI_Write_Buf
  B:0088H.1       PUBLIC        IE0
  B:0088H.3       PUBLIC        IE1
  D:0020H         PUBLIC        sta
  B:00A8H.1       PUBLIC        ET0
  B:00A8H.3       PUBLIC        ET1
  B:0088H.5       PUBLIC        TF0
  B:0088H.7       PUBLIC        TF1
  B:0098H.2       PUBLIC        RB8
  B:00A8H.0       PUBLIC        EX0
  B:0088H.0       PUBLIC        IT0
  D:008DH         PUBLIC        TH1
  B:0098H.3       PUBLIC        TB8
  B:00A8H.2       PUBLIC        EX1
  B:0088H.2       PUBLIC        IT1
  C:0314H         PUBLIC        StartUART
  B:00D0H.0       PUBLIC        P
  B:0098H.7       PUBLIC        SM0
  B:0098H.6       PUBLIC        SM1
  D:008BH         PUBLIC        TL1
  B:0098H.5       PUBLIC        SM2
  B:00B8H.1       PUBLIC        PT0
  C:022BH         PUBLIC        CheckButtons
  B:00B8H.3       PUBLIC        PT1
  B:00D0H.3       PUBLIC        RS0
  C:02D7H         PUBLIC        _SPI_RW_Reg
  C:02E8H         PUBLIC        _SPI_RW
  B:0088H.4       PUBLIC        TR0
  B:00D0H.4       PUBLIC        RS1
  B:0088H.6       PUBLIC        TR1
  B:00B8H.0       PUBLIC        PX0
  B:00B8H.2       PUBLIC        PX1
  C:0092H         PUBLIC        exter0
  C:033FH         PUBLIC        _R_S_Byte
  B:00A0H.7       PUBLIC        SCK
  B:00A0H.1       PUBLIC        CSN
  B:0098H.4       PUBLIC        REN
  D:0025H         PUBLIC        RX_BUF
  D:0045H         PUBLIC        TX_BUF
  B:00B0H.2       PUBLIC        IRQ
  B:0020H.4       PUBLIC        MAX_RT
  B:00B0H.0       PUBLIC        RXD
  C:0333H         PUBLIC        init_io
  B:00B0H.1       PUBLIC        TXD
  C:0143H         PUBLIC        _TX_Mode
  B:00D0H.5       PUBLIC        F0
  -------         PROC          INIT_IO
  C:0333H         LINE#         31
  C:0333H         LINE#         32
  C:0333H         LINE#         33
  C:0335H         LINE#         34
  C:0337H         LINE#         35
  C:0339H         LINE#         36
  C:033BH         LINE#         37
BL51 BANKED LINKER/LOCATER V5.00                                                      04/05/2010  10:41:30  PAGE 6


  C:033EH         LINE#         38
  -------         ENDPROC       INIT_IO
  -------         PROC          _DELAY_MS
  D:0007H         SYMBOL        x
  -------         DO            
  D:0006H         SYMBOL        i
  D:0005H         SYMBOL        j
  -------         ENDDO         
  C:0301H         LINE#         47
  C:0301H         LINE#         48
  C:0301H         LINE#         50
  C:0303H         LINE#         51
  C:0308H         LINE#         52
  C:0308H         LINE#         53
  C:030AH         LINE#         54
  C:030CH         LINE#         55
  C:030EH         LINE#         56
  C:0310H         LINE#         57
  C:0313H         LINE#         58
  -------         ENDPROC       _DELAY_MS
  -------         PROC          _SPI_RW
  D:0007H         SYMBOL        byte
  -------         DO            
  D:0006H         SYMBOL        i
  -------         ENDDO         
  C:02E8H         LINE#         68
  C:02E8H         LINE#         69
  C:02E8H         LINE#         71
  C:02EAH         LINE#         72
  C:02EAH         LINE#         73
  C:02EEH         LINE#         74
  C:02F2H         LINE#         75
  C:02F4H         LINE#         76
  C:02FAH         LINE#         77
  C:02FCH         LINE#         78
  C:0300H         LINE#         79
  C:0300H         LINE#         80
  -------         ENDPROC       _SPI_RW
  -------         PROC          L?0045
  -------         ENDPROC       L?0045
  -------         PROC          _SPI_RW_REG
  D:0007H         SYMBOL        reg
  D:0005H         SYMBOL        value
  -------         DO            
  D:0004H         SYMBOL        status
  -------         ENDDO         
  C:02D7H         LINE#         89
  C:02D7H         LINE#         90
  C:02D7H         LINE#         92
  C:02D9H         LINE#         93
  C:02DEH         LINE#         94
  C:02E3H         LINE#         95
  C:02E5H         LINE#         96
  C:02E7H         LINE#         97
  -------         ENDPROC       _SPI_RW_REG
  -------         PROC          _SPI_READ
  D:0007H         SYMBOL        reg
BL51 BANKED LINKER/LOCATER V5.00                                                      04/05/2010  10:41:30  PAGE 7


  -------         DO            
  D:0007H         SYMBOL        reg_val
  -------         ENDDO         
  C:0326H         LINE#         106
  C:0326H         LINE#         107
  C:0326H         LINE#         109
  C:0328H         LINE#         110
  C:032BH         LINE#         111
  C:0330H         LINE#         112
  C:0332H         LINE#         113
  C:0332H         LINE#         114
  -------         ENDPROC       _SPI_READ
  -------         PROC          _SPI_READ_BUF
  D:0007H         SYMBOL        reg
  D:0009H         SYMBOL        pBuf
  D:000CH         SYMBOL        bytes
  -------         DO            
  D:0005H         SYMBOL        status
  D:0004H         SYMBOL        i
  -------         ENDDO         
  C:01FAH         LINE#         124
  C:0200H         LINE#         125
  C:0200H         LINE#         127
  C:0202H         LINE#         128
  C:0207H         LINE#         129
  C:020FH         LINE#         130
  C:0226H         LINE#         131
  C:0228H         LINE#         132
  C:022AH         LINE#         133
  -------         ENDPROC       _SPI_READ_BUF
  -------         PROC          L?0044
  -------         ENDPROC       L?0044
  -------         PROC          _SPI_WRITE_BUF
  D:0007H         SYMBOL        reg
  D:0011H         SYMBOL        pBuf
  D:0014H         SYMBOL        bytes
  -------         DO            
  D:0005H         SYMBOL        status
  D:0004H         SYMBOL        i
  -------         ENDDO         
  C:0197H         LINE#         143
  C:019DH         LINE#         144
  C:019DH         LINE#         146
  C:019FH         LINE#         147
  C:01A4H         LINE#         148
  C:01ACH         LINE#         149
  C:01C1H         LINE#         150
  C:01C3H         LINE#         151
  C:01C5H         LINE#         152
  -------         ENDPROC       _SPI_WRITE_BUF
  -------         PROC          RX_MODE
  C:0259H         LINE#         161
  C:0259H         LINE#         162
  C:0259H         LINE#         163
  C:025BH         LINE#         164
  C:025EH         LINE#         168
  C:025EH         LINE#         169
BL51 BANKED LINKER/LOCATER V5.00                                                      04/05/2010  10:41:30  PAGE 8


  C:0261H         LINE#         170
  C:0268H         LINE#         171
  C:026FH         LINE#         172
  C:0276H         LINE#         173
  C:027DH         LINE#         174
  C:027FH         LINE#         175
  -------         ENDPROC       RX_MODE
  -------         PROC          _TX_MODE
  D:000DH         SYMBOL        BUF
  C:0143H         LINE#         186
  C:0149H         LINE#         187
  C:0149H         LINE#         188
  C:014BH         LINE#         189
  C:0159H         LINE#         190
  C:015CH         LINE#         191
  C:016AH         LINE#         192
  C:016AH         LINE#         193
  C:016DH         LINE#         194
  C:0174H         LINE#         195
  C:017BH         LINE#         196
  C:0182H         LINE#         197
  C:0189H         LINE#         198
  C:018BH         LINE#         199
  -------         ENDPROC       _TX_MODE
  -------         PROC          CHECK_ACK
  B:0021H.0       SYMBOL        clear
  C:0280H         LINE#         209
  C:0280H         LINE#         210
  C:0280H         LINE#         211
  C:0283H         LINE#         212
  C:028AH         LINE#         213
  C:028DH         LINE#         214
  C:0290H         LINE#         215
  C:0295H         LINE#         216
  C:029CH         LINE#         217
  C:029EH         LINE#         218
  C:02A1H         LINE#         219
  C:02A4H         LINE#         221
  C:02A6H         LINE#         222
  -------         ENDPROC       CHECK_ACK
  -------         PROC          CHECKBUTTONS
  -------         DO            
  D:000DH         SYMBOL        i
  -------         ENDDO         
  C:022BH         LINE#         231
  C:022BH         LINE#         232
  C:022BH         LINE#         233
  C:022EH         LINE#         234
  C:0232H         LINE#         235
  C:0232H         LINE#         236
  C:0235H         LINE#         237
  C:023AH         LINE#         238
  C:023FH         LINE#         239
  C:0242H         LINE#         240
  C:0255H         LINE#         242
  C:0258H         LINE#         243
  C:0258H         LINE#         244
BL51 BANKED LINKER/LOCATER V5.00                                                      04/05/2010  10:41:30  PAGE 9


  -------         ENDPROC       CHECKBUTTONS
  -------         PROC          STARTUART
  C:0314H         LINE#         247
  C:0314H         LINE#         248
  C:0314H         LINE#         249
  C:0317H         LINE#         250
  C:031AH         LINE#         251
  C:031DH         LINE#         252
  C:0320H         LINE#         253
  C:0323H         LINE#         254
  C:0325H         LINE#         255
  -------         ENDPROC       STARTUART
  -------         PROC          _R_S_BYTE
  D:0007H         SYMBOL        R_Byte
  C:033FH         LINE#         257
  C:033FH         LINE#         258
  C:033FH         LINE#         259
  C:0341H         LINE#         260
  C:0344H         LINE#         261
  C:0346H         LINE#         262
  -------         ENDPROC       _R_S_BYTE
  -------         PROC          EXTER0
  C:0092H         LINE#         264
  C:00ADH         LINE#         266
  C:00B4H         LINE#         267
  C:00B7H         LINE#         268
  C:00B7H         LINE#         269
  C:00BAH         LINE#         270
  C:00BDH         LINE#         271
  C:00C3H         LINE#         272
  C:00D1H         LINE#         273
  C:00D4H         LINE#         274
  C:00D4H         LINE#         275
  C:00DBH         LINE#         276
  -------         ENDPROC       EXTER0
  -------         ENDMOD        NRF24L01

  -------         MODULE        ?C?CLDOPTR
  C:00F4H         PUBLIC        ?C?CLDOPTR
  -------         ENDMOD        ?C?CLDOPTR

  -------         MODULE        ?C?CSTOPTR
  C:0121H         PUBLIC        ?C?CSTOPTR
  -------         ENDMOD        ?C?CSTOPTR

Program Size: data=90.1 xdata=0 code=844
LINK/LOCATE RUN COMPLETE.  0 WARNING(S),  0 ERROR(S)
